Linux 5.15.0-171-generic (test1orca) 	03/23/26 	_x86_64_	(4 CPU)

13:38:59     CPU    %usr   %nice    %sys %iowait    %irq   %soft  %steal  %guest  %gnice   %idle
13:39:00     all    0.00    0.00    0.75    0.00    0.00    0.00    0.25    0.00    0.00   98.99
13:39:01     all    0.25    0.00    0.50    0.00    0.00    0.00    0.00    0.00    0.00   99.25
13:39:02     all    0.25    0.00    0.50    0.00    0.00    0.00    0.00    0.00    0.00   99.25
13:39:03     all    0.00    0.00    0.50    0.00    0.00    0.00    0.00    0.00    0.00   99.50
13:39:04     all    0.25    0.00    0.25    0.00    0.00    0.00    0.00    0.00    0.00   99.49
13:39:05     all    0.50    0.00    0.75    0.00    0.00    0.00    0.00    0.00    0.00   98.76
13:39:06     all    2.27    0.00    2.27    0.25    0.00    0.00    0.00    0.00    0.00   95.21
13:39:07     all    2.78    0.00    1.77    0.00    0.00    0.00    0.00    0.00    0.00   95.44
13:39:08     all    1.52    0.00    2.54    0.00    0.00    0.25    0.00    0.00    0.00   95.69
13:39:09     all    2.01    0.00    2.01    0.25    0.00    0.00    0.00    0.00    0.00   95.74
13:39:10     all    1.76    0.00    3.27    0.00    0.00    0.00    0.00    0.00    0.00   94.97
13:39:11     all    1.26    0.00    1.01    0.00    0.00    0.00    0.00    0.00    0.00   97.74
13:39:12     all    1.01    0.00    1.77    0.00    0.00    0.00    0.00    0.00    0.00   97.22
13:39:13     all    2.25    0.00    3.00    0.00    0.00    0.25    0.00    0.00    0.00   94.50
13:39:14     all    2.02    0.00    2.52    0.00    0.00    0.00    0.00    0.00    0.00   95.47
13:39:15     all    2.27    0.00    1.76    0.00    0.00    0.00    0.00    0.00    0.00   95.97
13:39:16     all    1.78    0.00    2.28    0.00    0.00    0.00    0.00    0.00    0.00   95.94
13:39:17     all    1.25    0.00    2.76    0.00    0.00    0.00    0.00    0.00    0.00   95.99
13:39:18     all    2.53    0.00    2.03    0.00    0.00    0.00    0.00    0.00    0.00   95.44
13:39:19     all    2.27    0.00    2.27    0.00    0.00    0.25    0.00    0.00    0.00   95.20
13:39:20     all    2.76    0.00    2.26    0.00    0.00    0.00    0.00    0.00    0.00   94.97
13:39:21     all    0.00    0.00    0.25    0.00    0.00    0.00    0.00    0.00    0.00   99.75
13:39:22     all    1.77    0.00    2.27    0.00    0.00    0.00    0.00    0.00    0.00   95.96
13:39:23     all    2.27    0.00    2.78    0.00    0.00    0.00    0.00    0.00    0.00   94.95
13:39:24     all    2.00    0.00    2.75    0.00    0.00    0.25    0.00    0.00    0.00   95.00
13:39:25     all    2.03    0.00    2.53    0.00    0.00    0.00    0.00    0.00    0.00   95.44
13:39:26     all    2.53    0.00    1.77    0.00    0.00    0.00    0.00    0.00    0.00   95.70
13:39:27     all    2.28    0.00    2.03    0.25    0.00    0.00    0.00    0.00    0.00   95.43
13:39:28     all    2.01    0.00    2.76    0.00    0.00    0.00    0.00    0.00    0.00   95.23
13:39:29     all    2.28    0.00    1.78    0.00    0.00    0.00    0.00    0.00    0.00   95.94
13:39:30     all    0.25    0.00    0.75    0.00    0.00    0.00    0.00    0.00    0.00   99.00
13:39:31     all    1.77    0.00    2.28    0.00    0.00    0.25    0.00    0.00    0.00   95.70
13:39:32     all    2.53    0.00    1.77    0.00    0.00    0.25    0.00    0.00    0.00   95.45
13:39:33     all    1.75    0.00    3.01    0.00    0.00    0.25    0.00    0.00    0.00   94.99
13:39:34     all    2.27    0.00    3.03    0.00    0.00    0.00    0.00    0.00    0.00   94.70
13:39:35     all    2.27    0.00    2.77    0.00    0.00    0.00    0.00    0.00    0.00   94.96
13:39:36     all    2.52    0.00    2.52    0.00    0.00    0.00    0.00    0.00    0.00   94.96
13:39:37     all    2.28    0.00    2.03    0.00    0.00    0.00    0.00    0.00    0.00   95.69
13:39:38     all    2.77    0.00    1.76    0.00    0.00    0.00    0.00    0.00    0.00   95.47
13:39:39     all    0.00    0.00    1.00    0.00    0.00    0.00    0.00    0.00    0.00   99.00
13:39:40     all    2.27    0.00    2.52    0.00    0.00    0.00    0.00    0.00    0.00   95.21
13:39:41     all    2.04    0.00    2.04    0.00    0.00    0.00    0.00    0.00    0.00   95.93
13:39:42     all    2.00    0.00    3.74    0.00    0.00    0.00    0.00    0.00    0.00   94.26
13:39:43     all    1.75    0.00    3.75    0.00    0.00    0.00    0.00    0.00    0.00   94.50
13:39:44     all    2.76    0.00    2.26    0.00    0.00    0.00    0.00    0.00    0.00   94.99
13:39:45     all    2.51    0.00    3.27    0.00    0.00    0.00    0.00    0.00    0.00   94.22
13:39:46     all    2.24    0.00    2.99    0.00    0.00    0.25    0.00    0.00    0.00   94.51
13:39:47     all    1.26    0.00    1.76    0.25    0.00    0.00    0.00    0.00    0.00   96.73
13:39:48     all    0.76    0.00    1.01    0.00    0.00    0.00    0.00    0.00    0.00   98.23
13:39:49     all    1.51    0.00    1.76    0.00    0.00    0.00    0.00    0.00    0.00   96.73
13:39:50     all    1.78    0.00    2.03    0.00    0.00    0.00    0.00    0.00    0.00   96.19
13:39:51     all    2.02    0.00    2.02    0.00    0.00    0.00    0.00    0.00    0.00   95.96
13:39:52     all    2.01    0.00    2.51    0.00    0.00    0.00    0.00    0.00    0.00   95.48
13:39:53     all    2.27    0.00    1.77    0.00    0.00    0.00    0.00    0.00    0.00   95.96
13:39:54     all    2.02    0.00    2.02    0.00    0.00    0.50    0.00    0.00    0.00   95.47
13:39:55     all    2.02    0.00    2.27    0.00    0.00    0.00    0.00    0.00    0.00   95.71
13:39:56     all    2.01    0.00    2.51    0.00    0.00    0.00    0.00    0.00    0.00   95.48
13:39:57     all    1.74    0.00    1.99    0.25    0.00    0.00    0.00    0.00    0.00   96.03
13:39:58     all    0.25    0.00    0.51    0.00    0.00    0.00    0.00    0.00    0.00   99.24
13:39:59     all    1.51    0.00    1.51    0.00    0.00    0.00    0.00    0.00    0.00   96.98
13:40:00     all    1.79    0.00    1.53    0.00    0.00    0.00    0.00    0.00    0.00   96.68
13:40:01     all    2.75    0.00    2.50    0.00    0.00    0.00    0.00    0.00    0.00   94.75
13:40:02     all    1.78    0.00    1.78    0.00    0.00    0.00    0.00    0.00    0.00   96.45
13:40:03     all    2.51    0.00    2.26    0.00    0.00    0.00    0.00    0.00    0.00   95.24
13:40:04     all    1.51    0.00    2.51    0.00    0.00    0.00    0.00    0.00    0.00   95.98
13:40:05     all    3.02    0.00    2.01    0.00    0.00    0.00    0.00    0.00    0.00   94.97
13:40:06     all    2.52    0.00    2.27    0.00    0.00    0.00    0.00    0.00    0.00   95.21
13:40:07     all    1.76    0.00    1.76    0.00    0.00    0.25    0.00    0.00    0.00   96.23
13:40:08     all    0.50    0.00    0.76    0.00    0.00    0.00    0.00    0.00    0.00   98.74
13:40:09     all    2.02    0.00    2.27    0.00    0.00    0.00    0.00    0.00    0.00   95.72
13:40:10     all    2.30    0.00    1.79    0.00    0.00    0.00    0.00    0.00    0.00   95.92
13:40:11     all    1.52    0.00    1.77    0.00    0.00    0.00    0.00    0.00    0.00   96.72
13:40:12     all    2.26    0.00    2.26    0.00    0.00    0.00    0.00    0.00    0.00   95.48
13:40:13     all    2.78    0.00    1.52    0.00    0.00    0.00    0.00    0.00    0.00   95.71
13:40:14     all    2.53    0.00    2.03    0.00    0.00    0.00    0.00    0.00    0.00   95.44
13:40:15     all    2.01    0.00    2.01    0.25    0.00    0.00    0.00    0.00    0.00   95.73
13:40:16     all    2.26    0.00    2.26    0.00    0.00    0.50    0.00    0.00    0.00   94.99
13:40:17     all    1.01    0.00    1.51    0.00    0.00    0.00    0.00    0.00    0.00   97.49
13:40:18     all    1.52    0.00    0.76    0.00    0.00    0.00    0.00    0.00    0.00   97.73
13:40:19     all    2.02    0.00    2.27    0.00    0.00    0.00    0.00    0.00    0.00   95.72
13:40:20     all    1.52    0.00    2.03    0.00    0.00    0.00    0.00    0.00    0.00   96.46
13:40:21     all    1.52    0.00    2.53    0.00    0.00    0.00    0.00    0.00    0.00   95.96
13:40:22     all    2.03    0.00    1.78    0.00    0.00    0.25    0.00    0.00    0.00   95.94
13:40:23     all    2.00    0.00    3.25    0.00    0.00    0.00    0.00    0.00    0.00   94.75
13:40:24     all    2.28    0.00    1.52    0.00    0.00    0.00    0.00    0.00    0.00   96.19
13:40:25     all    1.26    0.00    2.53    0.00    0.00    0.00    0.00    0.00    0.00   96.21
13:40:26     all    1.52    0.00    1.52    0.00    0.00    0.00    0.00    0.00    0.00   96.95
13:40:27     all    0.50    0.00    0.76    0.00    0.00    0.00    0.00    0.00    0.00   98.74
13:40:28     all    1.75    0.00    2.01    0.00    0.00    0.00    0.00    0.00    0.00   96.24
13:40:29     all    2.02    0.00    1.51    0.00    0.00    0.25    0.00    0.00    0.00   96.22
13:40:30     all    1.26    0.00    2.02    0.00    0.00    0.00    0.00    0.00    0.00   96.73
13:40:31     all    2.75    0.00    2.00    0.00    0.00    0.25    0.00    0.00    0.00   95.00
13:40:32     all    2.02    0.00    1.76    0.25    0.00    0.00    0.00    0.00    0.00   95.97
13:40:33     all    2.27    0.00    2.02    0.00    0.00    0.00    0.00    0.00    0.00   95.72
13:40:34     all    2.02    0.00    2.52    0.00    0.00    0.00    0.00    0.00    0.00   95.47
13:40:35     all    2.03    0.00    1.77    0.00    0.00    0.00    0.25    0.00    0.00   95.95
13:40:36     all    1.27    0.00    2.28    0.00    0.00    0.00    0.00    0.00    0.00   96.46
13:40:37     all    0.76    0.00    1.76    0.00    0.00    0.00    0.00    0.00    0.00   97.48
13:40:38     all    1.00    0.00    1.00    0.00    0.00    0.00    0.00    0.00    0.00   97.99
13:40:39     all    2.52    0.00    2.02    0.00    0.00    0.25    0.00    0.00    0.00   95.21
13:40:40     all    2.01    0.00    2.26    0.00    0.00    0.00    0.00    0.00    0.00   95.73
13:40:41     all    2.01    0.00    2.51    0.00    0.00    0.00    0.00    0.00    0.00   95.48
13:40:42     all    2.03    0.00    2.03    0.00    0.00    0.00    0.00    0.00    0.00   95.94
13:40:43     all    1.52    0.00    2.53    0.00    0.00    0.00    0.00    0.00    0.00   95.95
13:40:44     all    2.02    0.00    1.77    0.00    0.00    0.00    0.00    0.00    0.00   96.21
13:40:45     all    2.28    0.00    1.27    0.00    0.00    0.00    0.00    0.00    0.00   96.45
13:40:46     all    2.52    0.00    1.76    0.00    0.00    0.25    0.00    0.00    0.00   95.47
13:40:47     all    0.76    0.00    5.85    0.25    0.00    1.78    0.00    0.00    0.00   91.35
13:40:48     all    1.52    0.00    1.26    0.00    0.00    0.25    0.00    0.00    0.00   96.97
13:40:49     all    2.02    0.00    2.02    0.00    0.00    0.00    0.00    0.00    0.00   95.96
13:40:50     all    1.51    0.00    2.02    0.00    0.00    0.00    0.00    0.00    0.00   96.47
13:40:51     all    2.27    0.00    1.51    0.00    0.00    0.25    0.00    0.00    0.00   95.97
13:40:52     all    2.03    0.00    1.78    0.00    0.00    0.00    0.00    0.00    0.00   96.19
13:40:53     all    1.75    0.00    2.26    0.00    0.00    0.00    0.00    0.00    0.00   95.99
13:40:54     all    2.78    0.00    5.05    0.00    0.00    1.77    0.00    0.00    0.00   90.40
13:40:55     all    2.03    0.00    3.30    0.00    0.00    0.25    0.00    0.00    0.00   94.42
13:40:56     all    2.02    0.00    2.27    0.00    0.00    0.00    0.00    0.00    0.00   95.72
13:40:57     all    0.25    0.00    1.01    0.00    0.00    0.00    0.00    0.00    0.00   98.74
13:40:58     all    1.76    0.00    2.26    0.00    0.00    0.00    0.00    0.00    0.00   95.98
13:40:59     all    1.52    0.00    2.02    0.00    0.00    0.25    0.00    0.00    0.00   96.21
13:41:00     all    2.27    0.00    2.27    0.00    0.00    0.00    0.00    0.00    0.00   95.47
13:41:01     all    1.75    0.00    2.51    0.00    0.00    0.25    0.00    0.00    0.00   95.49
13:41:02     all    2.52    0.00    1.76    0.25    0.00    0.00    0.00    0.00    0.00   95.47
13:41:03     all    1.52    0.00    2.53    0.00    0.00    0.00    0.00    0.00    0.00   95.96
13:41:04     all    2.26    0.00    2.51    0.00    0.00    0.00    0.00    0.00    0.00   95.23
13:41:05     all    1.87    0.00    9.60    0.00    0.00    5.07    0.00    0.00    0.00   83.47
13:41:06     all    1.86    0.00    8.51    0.00    0.00    3.19    0.00    0.00    0.00   86.44
13:41:07     all    0.00    0.00    7.55    0.00    0.00    5.21    0.00    0.00    0.00   87.24
13:41:08     all    2.36    0.00    7.35    0.00    0.00    4.99    0.00    0.00    0.00   85.30
13:41:09     all    2.15    0.00    7.80    0.00    0.00    1.88    0.00    0.00    0.00   88.17
13:41:10     all    1.87    0.00    8.02    0.00    0.00    2.67    0.00    0.00    0.00   87.43
13:41:11     all    2.38    0.00    7.94    0.00    0.00    4.23    0.00    0.00    0.00   85.45
13:41:12     all    1.85    0.00    8.20    0.00    0.00    3.44    0.00    0.00    0.00   86.51
13:41:13     all    1.34    0.00    6.18    0.00    0.00    2.69    0.00    0.00    0.00   89.78
13:41:14     all    1.86    0.00    7.71    0.00    0.00    2.66    0.00    0.00    0.00   87.77
13:41:15     all    1.07    0.00    7.51    0.00    0.00    1.88    0.00    0.00    0.00   89.54
13:41:16     all    1.63    0.00    6.78    0.00    0.00    1.63    0.00    0.00    0.00   89.97
13:41:17     all    1.63    0.00    6.52    0.00    0.00    2.45    0.00    0.00    0.00   89.40
13:41:18     all    0.27    0.00    4.93    0.00    0.00    0.82    0.00    0.00    0.00   93.97
13:41:19     all    2.44    0.00    7.32    0.00    0.00    1.90    0.00    0.00    0.00   88.35
13:41:20     all    0.79    0.00    7.12    0.00    0.00    3.17    0.00    0.00    0.00   88.92
13:41:21     all    2.40    0.00    7.20    0.00    0.00    2.40    0.00    0.00    0.00   88.00
13:41:22     all    1.56    0.00    8.31    0.00    0.00    2.86    0.00    0.00    0.00   87.27
13:41:23     all    1.85    0.00    8.71    0.26    0.00    6.07    0.00    0.00    0.00   83.11
13:41:24     all    3.27    0.00    2.77    0.00    0.00    1.01    0.00    0.00    0.00   92.95
13:41:25     all    1.77    0.00    2.28    0.00    0.00    0.00    0.00    0.00    0.00   95.95
13:41:26     all    1.77    0.00    2.27    0.00    0.00    0.00    0.00    0.00    0.00   95.96
13:41:27     all    2.03    0.00    1.78    0.00    0.00    0.00    0.00    0.00    0.00   96.19
13:41:28     all    0.75    0.00    1.01    0.00    0.00    0.00    0.00    0.00    0.00   98.24
13:41:29     all    1.27    0.00    0.76    0.00    0.00    0.00    0.00    0.00    0.00   97.97
13:41:30     all    2.77    0.00    2.02    0.00    0.00    0.00    0.00    0.00    0.00   95.21
13:41:31     all    1.76    0.00    2.52    0.00    0.00    0.00    0.00    0.00    0.00   95.72
13:41:32     all    2.26    0.00    2.26    0.00    0.00    0.00    0.00    0.00    0.00   95.49
13:41:33     all    2.03    0.00    2.28    0.00    0.00    0.00    0.00    0.00    0.00   95.70
13:41:34     all    1.50    0.00   10.03    0.00    0.00   13.53    0.00    0.00    0.00   74.94
13:41:35     all    2.02    0.00    5.81    0.00    0.00   25.76    0.00    0.00    0.00   66.41
13:41:36     all    1.52    0.00    5.56    0.00    0.00   25.25    0.00    0.00    0.00   67.68
13:41:37     all    1.26    0.00    6.05    0.00    0.00   25.19    0.00    0.00    0.00   67.51
13:41:38     all    1.53    0.00    6.11    0.00    0.00   25.70    0.00    0.00    0.00   66.67
13:41:39     all    0.25    0.00    5.79    0.00    0.00   25.69    0.00    0.00    0.00   68.26
13:41:40     all    1.79    0.00    6.39    0.00    0.00   26.34    0.00    0.00    0.00   65.47
13:41:41     all    1.28    0.00    6.41    0.00    0.00   25.90    0.00    0.00    0.00   66.41
13:41:42     all    2.04    0.00    6.12    0.00    0.00   25.77    0.00    0.00    0.00   66.07
13:41:43     all    2.53    0.00    7.09    0.25    0.00   26.08    0.00    0.00    0.00   64.05
13:41:44     all    2.04    0.00    6.12    0.00    0.00   26.53    0.00    0.00    0.00   65.31
13:41:45     all    2.51    0.00    8.02    0.00    0.00   25.56    0.00    0.00    0.00   63.91
13:41:46     all    1.25    0.00    8.50    0.00    0.00   25.50    0.00    0.00    0.00   64.75
13:41:47     all    2.05    0.00    5.90    0.00    0.00   25.90    0.00    0.00    0.00   66.15
13:41:48     all    1.76    0.00    7.79    0.00    0.00   25.38    0.00    0.00    0.00   65.08
13:41:49     all    0.51    0.00    7.58    0.00    0.00   25.76    0.00    0.00    0.00   66.16
13:41:50     all    2.77    0.00   11.08    0.00    0.00   26.20    0.00    0.00    0.00   59.95
13:41:51     all    3.28    0.00    9.85    0.00    0.00   26.77    0.00    0.00    0.00   60.10
13:41:52     all    1.27    0.00   10.41    0.00    0.00   25.89    0.25    0.00    0.00   62.18
13:41:53     all    2.52    0.00    7.56    0.00    0.00   25.44    0.00    0.00    0.00   64.48
13:41:54     all    2.04    0.00    6.89    0.00    0.00   25.51    0.00    0.00    0.00   65.56
13:41:55     all    2.47    0.00    7.41    0.00    0.00   25.19    0.00    0.00    0.00   64.94
13:41:56     all    1.52    0.00    5.82    0.00    0.00   25.57    0.00    0.00    0.00   67.09
13:41:57     all    1.74    0.00    7.96    0.00    0.00   24.88    0.00    0.00    0.00   65.42
13:41:58     all    1.25    0.00    7.02    0.25    0.00   25.81    0.00    0.00    0.00   65.66
13:41:59     all    0.50    0.00    5.96    0.00    0.00   25.06    0.00    0.00    0.00   68.49
13:42:00     all    1.28    0.00    5.12    0.00    0.00   25.58    0.00    0.00    0.00   68.03
13:42:01     all    1.75    0.00    7.48    0.00    0.00   25.44    0.00    0.00    0.00   65.34
13:42:02     all    2.24    0.00    7.23    0.00    0.00   25.44    0.00    0.00    0.00   65.09
13:42:03     all    1.76    0.00    9.05    0.00    0.00   25.38    0.00    0.00    0.00   63.82
13:42:04     all    2.74    0.00    9.73    0.00    0.00   25.94    0.00    0.00    0.00   61.60
13:42:05     all    2.46    0.00    9.61    0.00    0.00   26.35    0.00    0.00    0.00   61.58
13:42:06     all    2.02    0.00    8.56    0.00    0.00   26.20    0.00    0.00    0.00   63.22
13:42:07     all    1.25    0.00    9.02    0.00    0.00   25.81    0.00    0.00    0.00   63.91
13:42:08     all    1.77    0.00    7.34    0.00    0.00   25.82    0.00    0.00    0.00   65.06
13:42:09     all    1.50    0.00    8.25    0.00    0.00   26.00    0.00    0.00    0.00   64.25
13:42:10     all    1.27    0.00    7.38    0.00    0.00   26.21    0.00    0.00    0.00   65.14
13:42:11     all    0.50    0.00    8.71    0.00    0.00   25.62    0.00    0.00    0.00   65.17
13:42:12     all    1.01    0.00    6.06    0.00    0.00   25.25    0.00    0.00    0.00   67.68
13:42:13     all    1.75    0.00    6.00    0.00    0.00   25.25    0.00    0.00    0.00   67.00
13:42:14     all    1.01    0.00    7.81    0.00    0.00   25.69    0.00    0.00    0.00   65.49
13:42:15     all    1.28    0.00    7.14    0.00    0.00   25.77    0.00    0.00    0.00   65.82
13:42:16     all    1.26    0.00    7.56    0.00    0.00   25.19    0.00    0.00    0.00   65.99
13:42:17     all    1.26    0.00    7.56    0.00    0.00   25.44    0.00    0.00    0.00   65.74
13:42:18     all    1.74    0.00    8.93    0.00    0.00   25.56    0.00    0.00    0.00   63.77
13:42:19     all    2.28    0.00    9.14    0.00    0.00   25.63    0.00    0.00    0.00   62.94
13:42:20     all    2.02    0.00    6.82    0.00    0.00   25.51    0.00    0.00    0.00   65.66
13:42:21     all    1.25    0.00    7.75    0.00    0.00   25.25    0.00    0.00    0.00   65.75
13:42:22     all    0.75    0.00    6.03    0.00    0.00   25.13    0.00    0.00    0.00   68.09
13:42:23     all    0.76    0.00    4.80    0.25    0.00   25.25    0.00    0.00    0.00   68.94
13:42:24     all    1.50    0.00    6.52    0.00    0.00   25.56    0.00    0.00    0.00   66.42
13:42:25     all    0.75    0.00    6.22    0.00    0.00   24.88    0.25    0.00    0.00   67.91
13:42:26     all    1.23    0.00    7.41    0.00    0.00   25.19    0.00    0.00    0.00   66.17
13:42:27     all    1.49    0.00    6.44    0.00    0.00   25.00    0.00    0.00    0.00   67.08
13:42:28     all    1.27    0.00    4.82    0.00    0.00   25.38    0.00    0.00    0.00   68.53
13:42:29     all    1.01    0.00    4.81    0.00    0.00   25.32    0.00    0.00    0.00   68.86
13:42:30     all    1.24    0.00    6.20    0.00    0.00   25.31    0.00    0.00    0.00   67.25
13:42:31     all    1.76    0.00    5.78    0.00    0.00   25.13    0.00    0.00    0.00   67.34
13:42:32     all    3.02    0.00    5.04    0.00    0.00   25.19    0.00    0.00    0.00   66.75
13:42:33     all    1.50    0.00    6.52    0.00    0.00   25.06    0.00    0.00    0.00   66.92
13:42:34     all    1.50    0.00    6.50    0.00    0.00   25.50    0.00    0.00    0.00   66.50
13:42:35     all    0.50    0.00    4.77    0.00    0.00   25.38    0.00    0.00    0.00   69.35
13:42:36     all    1.26    0.00    5.29    0.00    0.00   25.44    0.00    0.00    0.00   68.01
13:42:37     all    2.01    0.00    5.28    0.00    0.00   25.63    0.00    0.00    0.00   67.09
13:42:38     all    1.01    0.00    5.78    0.00    0.00   25.63    0.00    0.00    0.00   67.59
13:42:39     all    1.51    0.00    6.55    0.25    0.00   25.44    0.00    0.00    0.00   66.25
13:42:40     all    1.76    0.00    6.05    0.00    0.00   25.44    0.00    0.00    0.00   66.75
13:42:41     all    2.01    0.00    6.02    0.00    0.00   25.56    0.00    0.00    0.00   66.42
13:42:42     all    1.72    0.00    7.64    0.00    0.00   24.88    0.00    0.00    0.00   65.76
13:42:43     all    0.76    0.00    6.08    0.00    0.00   25.32    0.00    0.00    0.00   67.85
13:42:44     all    1.52    0.00    5.81    0.00    0.00   25.25    0.00    0.00    0.00   67.42
13:42:45     all    1.75    0.00    6.77    0.00    0.00   25.31    0.00    0.00    0.00   66.17
13:42:46     all    0.50    0.00    6.70    0.00    0.00   25.06    0.00    0.00    0.00   67.74
13:42:47     all    0.76    0.00    5.33    0.00    0.00   25.38    0.00    0.00    0.00   68.53
13:42:48     all    1.79    0.00    4.85    0.00    0.00   25.51    0.00    0.00    0.00   67.86
13:42:49     all    1.26    0.00    6.31    0.00    0.00   25.76    0.00    0.00    0.00   66.67
13:42:50     all    2.26    0.00    5.78    0.00    0.00   25.63    0.00    0.00    0.00   66.33
13:42:51     all    2.02    0.00    7.83    0.00    0.00   25.25    0.00    0.00    0.00   64.90
13:42:52     all    1.24    0.00    8.96    0.00    0.00   25.37    0.00    0.00    0.00   64.43
13:42:53     all    2.03    0.00    7.11    0.00    0.00   25.89    0.00    0.00    0.00   64.97
13:42:54     all    1.50    0.00    8.48    0.00    0.00   25.69    0.00    0.00    0.00   64.34
13:42:55     all    1.78    0.00    6.09    0.00    0.00   25.63    0.00    0.00    0.00   66.50
13:42:56     all    2.81    0.00    6.63    0.00    0.00   25.51    0.00    0.00    0.00   65.05
13:42:57     all    1.00    0.00    7.48    0.00    0.00   25.94    0.00    0.00    0.00   65.59
13:42:58     all    2.02    0.00    8.06    0.00    0.00   25.94    0.00    0.00    0.00   63.98
13:42:59     all    2.26    0.00    8.02    0.00    0.00   25.81    0.00    0.00    0.00   63.91
13:43:00     all    2.28    0.00    6.85    0.00    0.00   25.63    0.00    0.00    0.00   65.23
13:43:01     all    2.27    0.00    7.05    0.00    0.00   25.19    0.00    0.00    0.00   65.49
13:43:02     all    2.87    0.00    8.88    0.00    0.00   20.10    0.00    0.00    0.00   68.15
13:43:03     all    2.44    0.00   11.65    0.00    0.00   10.30    0.00    0.00    0.00   75.61
13:43:04     all    2.21    0.00   15.47    0.00    0.00    5.80    0.00    0.00    0.00   76.52
13:43:05     all    2.17    0.00   23.31    0.27    0.00    5.69    0.00    0.00    0.00   68.56
13:43:06     all    3.12    0.00   14.55    0.00    0.00    9.09    0.00    0.00    0.00   73.25
13:43:07     all    0.50    0.00    1.00    0.00    0.00    0.00    0.00    0.00    0.00   98.50
13:43:08     all    1.27    0.00    2.54    0.00    0.00    0.00    0.00    0.00    0.00   96.19
13:43:09     all    2.75    0.00    2.50    0.00    0.00    0.00    0.00    0.00    0.00   94.75
13:43:10     all    1.77    0.00    2.78    0.00    0.00    0.00    0.00    0.00    0.00   95.45
13:43:11     all    1.51    0.00    2.01    0.00    0.00    0.00    0.00    0.00    0.00   96.48
13:43:12     all    2.04    0.00    1.78    0.00    0.00    0.00    0.00    0.00    0.00   96.18
13:43:13     all    1.76    0.00    2.51    0.00    0.00    0.00    0.00    0.00    0.00   95.73
13:43:14     all    1.52    0.00    1.77    0.00    0.00    0.00    0.00    0.00    0.00   96.72
13:43:15     all    2.01    0.00    2.26    0.25    0.00    0.25    0.00    0.00    0.00   95.23
13:43:16     all    1.26    0.00    2.52    0.00    0.00    0.25    0.00    0.00    0.00   95.97
13:43:17     all    0.25    0.00    0.75    0.00    0.00    0.00    0.00    0.00    0.00   99.00
13:43:18     all    1.77    0.00    2.27    0.00    0.00    0.00    0.00    0.00    0.00   95.96
13:43:19     all    4.50    0.00    2.75    0.00    0.00    0.00    0.00    0.00    0.00   92.75
13:43:20     all    2.01    0.00    2.01    0.00    0.00    0.00    0.00    0.00    0.00   95.98
13:43:21     all    2.03    0.00    1.78    0.00    0.00    0.25    0.00    0.00    0.00   95.94
13:43:22     all    1.51    0.00    2.27    0.00    0.00    0.00    0.00    0.00    0.00   96.22
13:43:23     all    2.49    0.00    2.49    0.00    0.00    0.00    0.00    0.00    0.00   95.01
