13:38:48         ens3      1.00      1.00      0.05      0.13      0.00      0.00      0.00      0.00
13:38:49         ens3      3.00      1.00      0.24      0.19      0.00      0.00      0.00      0.00
13:38:50         ens3      4.00      2.00      0.28      0.32      0.00      0.00      0.00      0.00
13:38:51         ens3      1.00      1.00      0.05      0.19      0.00      0.00      0.00      0.00
13:38:52         ens3      1.00      1.00      0.05      0.19      0.00      0.00      0.00      0.00
13:38:53         ens3      1.00      2.00      0.05      0.32      0.00      0.00      0.00      0.00
13:38:54         ens3      3.00      1.00      0.24      0.19      0.00      0.00      0.00      0.00
13:38:55         ens3      3.00      2.00      0.24      0.32      0.00      0.00      0.00      0.00
13:38:56         ens3      1.00      1.00      0.05      0.19      0.00      0.00      0.00      0.00
13:38:57         ens3      1.00      1.00      0.05      0.19      0.00      0.00      0.00      0.00
13:38:58         ens3      3.00      3.00      0.25      0.47      0.00      0.00      0.00      0.00
13:38:59         ens3      6.00      3.00      0.62      0.54      0.00      0.00      0.00      0.00
13:39:00         ens3      4.00      4.00      0.29      0.70      0.00      0.00      0.00      0.00
13:39:01         ens3      2.00      2.00      0.11      0.37      0.00      0.00      0.00      0.00
13:39:02         ens3      2.00      2.00      0.11      0.37      0.00      0.00      0.00      0.00
13:39:03         ens3      2.00      3.00      0.11      0.51      0.00      0.00      0.00      0.00
13:39:04         ens3      4.00      2.00      0.29      0.37      0.00      0.00      0.00      0.00
13:39:05         ens3     13.00     11.00      1.28      5.26      0.00      0.00      0.00      0.00
13:39:06         ens3      3.00      3.00      0.16      0.47      0.00      0.00      0.00      0.00
13:39:07         ens3      3.00      4.00      0.16      3.91      0.00      0.00      0.00      0.00
13:39:08         ens3      4.00      6.00      0.21      4.15      0.00      0.00      0.00      0.00
13:39:09         ens3      6.00      6.00      0.40      4.10      0.00      0.00      0.00      0.00
13:39:10         ens3      6.00      6.00      0.40      4.15      0.00      0.00      0.00      0.00
13:39:11         ens3      4.00      6.00      0.21      4.10      0.00      0.00      0.00      0.00
13:39:12         ens3     10.00     10.00      0.74      4.77      0.00      0.00      0.00      0.00
13:39:13         ens3      6.00     11.00      0.35      4.92      0.00      0.00      0.00      0.00
13:39:14         ens3      8.00     12.00      0.50      5.73      0.00      0.00      0.00      0.00
13:39:15         ens3      7.00      8.00      0.45      4.52      0.00      0.00      0.00      0.00
13:39:16         ens3      3.00      5.00      0.16      0.85      0.00      0.00      0.00      0.00
13:39:17         ens3      5.00      6.00      0.26      4.28      0.00      0.00      0.00      0.00
13:39:18         ens3      7.00      9.00      0.51      4.57      0.00      0.00      0.00      0.00
13:39:19         ens3      7.00     13.00      0.45      5.02      0.00      0.00      0.00      0.00
13:39:20         ens3     23.00      9.00      2.95      4.57      0.00      0.00      0.00      0.00
13:39:21         ens3     15.00      7.00      1.84      4.38      0.00      0.00      0.00      0.00
13:39:22         ens3     11.00     11.00      0.85      4.88      0.00      0.00      0.00      0.00
13:39:23         ens3      8.00     12.00      0.63      4.87      0.00      0.00      0.00      0.00
13:39:24         ens3     10.00      7.00      0.71      4.38      0.00      0.00      0.00      0.00
13:39:25         ens3      5.00      6.00      0.35      0.98      0.00      0.00      0.00      0.00
13:39:26         ens3      6.00      6.00      0.41      4.28      0.00      0.00      0.00      0.00
13:39:27         ens3      5.00      7.00      0.26      4.38      0.00      0.00      0.00      0.00
13:39:28         ens3      6.00      8.00      0.41      4.52      0.00      0.00      0.00      0.00
13:39:29         ens3      9.00      7.00      0.75      4.38      0.00      0.00      0.00      0.00
13:39:30         ens3     22.00      8.00      2.58      4.52      0.00      0.00      0.00      0.00
13:39:31         ens3      7.00      8.00      0.47      4.47      0.00      0.00      0.00      0.00
13:39:32         ens3      8.00      7.00      0.62      4.38      0.00      0.00      0.00      0.00
13:39:33         ens3      5.00      8.00      0.26      4.52      0.00      0.00      0.00      0.00
13:39:34         ens3      7.00      5.00      0.46      0.85      0.00      0.00      0.00      0.00
13:39:35         ens3      9.00      7.00      0.66      4.42      0.00      0.00      0.00      0.00
13:39:36         ens3      5.00      8.00      0.26      4.45      0.00      0.00      0.00      0.00
13:39:37         ens3      7.00      8.00      0.40      4.44      0.00      0.00      0.00      0.00
13:39:38         ens3      6.00      8.00      0.33      4.52      0.00      0.00      0.00      0.00
13:39:39         ens3      9.00      7.00      0.56      4.38      0.00      0.00      0.00      0.00
13:39:40         ens3      8.00      8.00      0.51      4.52      0.00      0.00      0.00      0.00
13:39:41         ens3      5.00      7.00      0.26      4.38      0.00      0.00      0.00      0.00
13:39:42         ens3      5.00      7.00      0.26      4.38      0.00      0.00      0.00      0.00
13:39:43         ens3      3.00      6.00      0.16      0.98      0.00      0.00      0.00      0.00
13:39:44         ens3      8.00      6.00      0.50      4.28      0.00      0.00      0.00      0.00
13:39:45         ens3      8.00     10.00      0.50      4.70      0.00      0.00      0.00      0.00
13:39:46         ens3     17.00     10.00      2.01      4.65      0.00      0.00      0.00      0.00
13:39:47         ens3      5.00      8.00      0.26      4.47      0.00      0.00      0.00      0.00
13:39:48         ens3      7.00      9.00      0.37      4.61      0.00      0.00      0.00      0.00
13:39:49         ens3      8.00      7.00      0.51      4.38      0.00      0.00      0.00      0.00
13:39:50         ens3      8.00      8.00      0.51      4.52      0.00      0.00      0.00      0.00
13:39:51         ens3      6.00      7.00      0.32      4.42      0.00      0.00      0.00      0.00
13:39:52         ens3      4.00      5.00      0.21      0.85      0.00      0.00      0.00      0.00
13:39:53         ens3      8.00     18.00      0.42      5.98      0.00      0.00      0.00      0.00
13:39:54         ens3     29.00     10.00      4.16      4.85      0.00      0.00      0.00      0.00
13:39:55         ens3      7.00      8.00      0.46      4.52      0.00      0.00      0.00      0.00
13:39:56         ens3      8.00      7.00      0.52      4.38      0.00      0.00      0.00      0.00
13:39:57         ens3      6.00      7.00      0.32      4.38      0.00      0.00      0.00      0.00
13:39:58         ens3      6.00     10.00      0.32      4.73      0.00      0.00      0.00      0.00
13:39:59         ens3      9.00      7.00      0.75      4.38      0.00      0.00      0.00      0.00
13:40:00         ens3      9.00      9.00      0.56      4.61      0.00      0.00      0.00      0.00
13:40:01         ens3      5.00      7.00      0.26      4.38      0.00      0.00      0.00      0.00
13:40:02         ens3      4.00      5.00      0.21      0.85      0.00      0.00      0.00      0.00
13:40:03         ens3      5.00      7.00      0.26      4.42      0.00      0.00      0.00      0.00
13:40:04         ens3      8.00      7.00      0.50      4.38      0.00      0.00      0.00      0.00
13:40:05         ens3      8.00      8.00      0.50      4.52      0.00      0.00      0.00      0.00
13:40:06         ens3     23.00      7.00      2.70      4.38      0.00      0.00      0.00      0.00
13:40:07         ens3     53.00      7.00     12.20      4.38      0.00      0.00      0.00      0.00
13:40:08         ens3     36.00      8.00      6.04      4.52      0.00      0.00      0.00      0.00
13:40:09         ens3     37.00      8.00      3.97      4.47      0.00      0.00      0.00      0.00
13:40:10         ens3     68.00      9.00     22.44      4.57      0.00      0.00      0.00      0.00
13:40:11         ens3      8.00      7.00      0.84      4.38      0.00      0.00      0.00      0.00
13:40:12         ens3      7.00      5.00      5.51      0.85      0.00      0.00      0.00      0.00
13:40:13         ens3     10.00     11.00      0.64      4.87      0.00      0.00      0.00      0.00
13:40:14         ens3     30.00      7.00      3.81      4.38      0.00      0.00      0.00      0.00
13:40:15         ens3     40.00      8.00      7.30      4.52      0.00      0.00      0.00      0.00
13:40:16         ens3      7.00      7.00      1.03      4.38      0.00      0.00      0.00      0.00
13:40:17         ens3      9.00      8.00      3.79      4.47      0.00      0.00      0.00      0.00
13:40:18         ens3      8.00     10.00      0.80      4.97      0.00      0.00      0.00      0.00
13:40:19         ens3      8.00      8.00      0.51      4.47      0.00      0.00      0.00      0.00
13:40:20         ens3      7.00      9.00      0.46      4.62      0.00      0.00      0.00      0.00
13:40:21         ens3      7.00     13.00      0.37      5.95      0.00      0.00      0.00      0.00
13:40:22         ens3     20.00      5.00     11.16      0.85      0.00      0.00      0.00      0.00
13:40:23         ens3      6.00      7.00      0.41      4.42      0.00      0.00      0.00      0.00
13:40:24         ens3      8.00      7.00      0.50      4.38      0.00      0.00      0.00      0.00
13:40:25         ens3      7.00      8.00      0.46      4.52      0.00      0.00      0.00      0.00
13:40:26         ens3     14.00      9.00      1.72      4.56      0.00      0.00      0.00      0.00
13:40:27         ens3     16.83      8.91      2.16      4.48      0.00      0.00      0.00      0.00
13:40:28         ens3     19.00      9.00      2.33      4.61      0.00      0.00      0.00      0.00
13:40:29         ens3     16.00      7.00      1.79      4.38      0.00      0.00      0.00      0.00
13:40:30         ens3     13.00     12.00      1.26      5.81      0.00      0.00      0.00      0.00
13:40:31         ens3     15.00      7.00      1.89      4.38      0.00      0.00      0.00      0.00
13:40:32         ens3      5.00      5.00      0.45      0.85      0.00      0.00      0.00      0.00
13:40:33         ens3      5.00      8.00      0.26      4.50      0.00      0.00      0.00      0.00
13:40:34         ens3     12.00      8.00      0.81      4.47      0.00      0.00      0.00      0.00
13:40:35         ens3      8.00      9.00      0.51      4.61      0.00      0.00      0.00      0.00
13:40:36         ens3      6.00      7.00      0.41      4.38      0.00      0.00      0.00      0.00
13:40:37         ens3      5.00      8.00      0.26      4.47      0.00      0.00      0.00      0.00
13:40:38         ens3      6.00      8.00      0.41      4.52      0.00      0.00      0.00      0.00
13:40:39         ens3      8.00      8.00      0.51      4.47      0.00      0.00      0.00      0.00
13:40:40         ens3     31.00     11.00      3.88      5.06      0.00      0.00      0.00      0.00
13:40:41         ens3     31.00      8.00      4.43      4.44      0.00      0.00      0.00      0.00
13:40:42         ens3     11.00      4.00      1.47      0.74      0.00      0.00      0.00      0.00
13:40:43         ens3     30.00      8.00      3.83      4.52      0.00      0.00      0.00      0.00
13:40:44         ens3     38.00      8.00      5.17      4.44      0.00      0.00      0.00      0.00
13:40:45         ens3     36.00      8.00      3.99      4.52      0.00      0.00      0.00      0.00
13:40:46         ens3    443.00   1116.00     33.82  63496.07      0.00      0.00      0.00      0.00
13:40:47         ens3   1804.00   5737.00    118.16 337805.81      0.00      0.00      0.00      0.00
13:40:48         ens3      6.00      8.00      0.44      4.52      0.00      0.00      0.00      0.00
13:40:49         ens3     13.00      8.00      1.29      4.47      0.00      0.00      0.00      0.00
13:40:50         ens3      7.00      8.00      0.46      4.52      0.00      0.00      0.00      0.00
13:40:51         ens3      7.00      7.00      0.37      4.38      0.00      0.00      0.00      0.00
13:40:52         ens3      4.00      6.00      0.20      0.89      0.00      0.00      0.00      0.00
13:40:53         ens3     13.00      7.00      1.45      4.42      0.00      0.00      0.00      0.00
13:40:54         ens3   1643.00   6952.00    109.40 401301.17      0.00      0.00      0.00      0.00
13:40:55         ens3     10.00      8.00      0.86      4.52      0.00      0.00      0.00      0.00
13:40:56         ens3     11.00      8.00      1.05      4.47      0.00      0.00      0.00      0.00
13:40:57         ens3      5.00      7.00      0.26      4.38      0.00      0.00      0.00      0.00
13:40:58         ens3      6.00      8.00      0.32      4.52      0.00      0.00      0.00      0.00
13:40:59         ens3     10.00     12.00      0.80      5.16      0.00      0.00      0.00      0.00
13:41:00         ens3      8.00      9.00      0.54      4.57      0.00      0.00      0.00      0.00
13:41:01         ens3      4.00      5.00      0.21      0.85      0.00      0.00      0.00      0.00
13:41:02         ens3      5.00     10.00      0.26      5.06      0.00      0.00      0.00      0.00
13:41:03         ens3      5.00      8.00      0.26      4.52      0.00      0.00      0.00      0.00
13:41:04         ens3   4611.00  14233.00    321.07 582688.29      0.00      0.00      0.00      0.00
13:41:05         ens3   4332.00  24672.00    279.21 1125595.88      0.00      0.00      0.00      0.00
13:41:06         ens3   3842.00  22461.00    258.02 1074239.76      0.00      0.00      0.00      0.00
13:41:07         ens3   3666.00  19657.00    241.98 929528.80      0.00      0.00      0.00      0.00
13:41:08         ens3   4502.00  26135.00    295.29 1292618.83      0.00      0.00      0.00      0.00
13:41:09         ens3   4284.00  23129.00    276.11 1097439.30      0.00      0.00      0.00      0.00
13:41:10         ens3   3638.00  18727.00    236.14 885640.30      0.00      0.00      0.00      0.00
13:41:11         ens3   4399.00  25698.00    292.51 1282565.36      0.00      0.00      0.00      0.00
13:41:12         ens3   4180.00  22439.00    269.37 1069395.66      0.00      0.00      0.00      0.00
13:41:13         ens3   4178.00  22355.00    269.23 1070248.07      0.00      0.00      0.00      0.00
13:41:14         ens3   3433.00  19419.00    221.26 877715.43      0.00      0.00      0.00      0.00
13:41:15         ens3   3211.00  19076.00    206.95 821878.04      0.00      0.00      0.00      0.00
13:41:16         ens3   3081.00  18619.00    198.52 785704.49      0.00      0.00      0.00      0.00
13:41:17         ens3   4157.00  22661.00    267.90 1066318.39      0.00      0.00      0.00      0.00
13:41:18         ens3   4058.00  21904.00    261.98 1039117.19      0.00      0.00      0.00      0.00
13:41:19         ens3   4022.00  21855.00    259.27 1027218.52      0.00      0.00      0.00      0.00
13:41:20         ens3   4307.00  22758.00    277.59 1103065.56      0.00      0.00      0.00      0.00
13:41:21         ens3   4416.00  23251.00    284.57 1130913.50      0.00      0.00      0.00      0.00
13:41:22         ens3   3427.00  20844.00    242.26 1083506.16      0.00      0.00      0.00      0.00
13:41:23         ens3   3158.00  15194.00    214.84 725314.48      0.00      0.00      0.00      0.00
13:41:24         ens3      9.00      6.00      0.65      4.28      0.00      0.00      0.00      0.00
13:41:25         ens3      7.00      8.00      0.46      4.52      0.00      0.00      0.00      0.00
13:41:26         ens3      6.00      7.00      0.48      4.38      0.00      0.00      0.00      0.00
13:41:27         ens3      5.00      7.00      0.26      4.38      0.00      0.00      0.00      0.00
13:41:28         ens3      6.00      8.00      0.32      4.52      0.00      0.00      0.00      0.00
13:41:29         ens3      9.00      7.00      0.75      4.38      0.00      0.00      0.00      0.00
13:41:30         ens3      7.00      8.00      0.45      4.52      0.00      0.00      0.00      0.00
13:41:31         ens3      6.00     10.00      0.32      4.65      0.00      0.00      0.00      0.00
13:41:32         ens3      6.00     11.00      0.32      4.77      0.00      0.00      0.00      0.00
13:41:33         ens3   2127.00   2503.00    225.04  28800.03      0.00      0.00      0.00      0.00
13:41:34         ens3  38561.00  99893.00   2682.79 1419599.15      0.00      0.00      0.00      0.00
13:41:35         ens3  50339.00 105397.00   3330.72 708976.97      0.00      0.00      0.00      0.00
13:41:36         ens3  45262.00 112655.00   2929.21 666421.67      0.00      0.00      0.00      0.00
13:41:37         ens3  44653.00 113713.00   2885.17 732709.00      0.00      0.00      0.00      0.00
13:41:38         ens3  39783.00 104224.00   2564.08 807605.56      0.00      0.00      0.00      0.00
13:41:39         ens3  39244.00 104182.00   2529.52 820425.50      0.00      0.00      0.00      0.00
13:41:40         ens3  38922.00 103997.00   2508.73 826724.61      0.00      0.00      0.00      0.00
13:41:41         ens3  38491.00 104855.00   2480.82 849942.18      0.00      0.00      0.00      0.00
13:41:42         ens3  40006.00 103879.00   2582.69 842388.98      0.00      0.00      0.00      0.00
13:41:43         ens3  40968.00 108126.00   2658.74 663618.43      0.00      0.00      0.00      0.00
13:41:44         ens3  42288.00 106710.00   2739.65 712840.92      0.00      0.00      0.00      0.00
13:41:45         ens3  41501.00 106637.00   2687.62 701420.81      0.00      0.00      0.00      0.00
13:41:46         ens3  42488.00 105648.00   2751.23 722002.53      0.00      0.00      0.00      0.00
13:41:47         ens3  43020.00 105077.00   2780.52 729580.01      0.00      0.00      0.00      0.00
13:41:48         ens3  45693.00 103132.00   2951.63 763318.82      0.00      0.00      0.00      0.00
13:41:49         ens3  40411.00 108108.00   2618.92 971375.17      0.00      0.00      0.00      0.00
13:41:50         ens3  37962.00 110091.00   2460.69 1248725.31      0.00      0.00      0.00      0.00
13:41:51         ens3  34874.00 115719.00   2257.00 1254302.25      0.00      0.00      0.00      0.00
13:41:52         ens3  45024.00 110502.00   2962.07 865819.09      0.00      0.00      0.00      0.00
13:41:53         ens3  43347.00 115354.00   2826.42 701059.55      0.00      0.00      0.00      0.00
13:41:54         ens3  41753.00 115665.00   2702.08 710807.74      0.00      0.00      0.00      0.00
13:41:55         ens3  42318.00 114695.00   2734.41 729156.63      0.00      0.00      0.00      0.00
13:41:56         ens3  42460.00 113676.00   2739.64 723849.08      0.00      0.00      0.00      0.00
13:41:57         ens3  42331.00 113970.00   2732.19 723205.59      0.00      0.00      0.00      0.00
13:41:58         ens3  41879.00 115018.00   2701.48 711318.78      0.00      0.00      0.00      0.00
13:41:59         ens3  42141.00 115239.00   2721.15 699798.51      0.00      0.00      0.00      0.00
13:42:00         ens3  43406.00 113841.00   2805.09 701819.15      0.00      0.00      0.00      0.00
13:42:01         ens3  43064.00 112922.00   2780.37 720757.62      0.00      0.00      0.00      0.00
13:42:02         ens3  42862.00 113455.00   2772.32 710008.47      0.00      0.00      0.00      0.00
13:42:03         ens3  43243.00 115009.00   2805.15 712955.45      0.00      0.00      0.00      0.00
13:42:04         ens3  36497.00 115044.00   2364.73 1007996.75      0.00      0.00      0.00      0.00
13:42:05         ens3  39123.00 111852.00   2534.44 1114446.77      0.00      0.00      0.00      0.00
13:42:06         ens3  38232.00 113014.00   2473.30 1072263.88      0.00      0.00      0.00      0.00
13:42:07         ens3  35358.00 113189.00   2280.20 1157068.24      0.00      0.00      0.00      0.00
13:42:08         ens3  35169.00 112972.00   2267.85 1219535.52      0.00      0.00      0.00      0.00
13:42:09         ens3  34070.00 113077.00   2196.95 1307529.96      0.00      0.00      0.00      0.00
13:42:10         ens3  33453.00 113084.00   2157.13 1418937.55      0.00      0.00      0.00      0.00
13:42:11         ens3  39588.00 109407.00   2588.25 1233356.58      0.00      0.00      0.00      0.00
13:42:12         ens3  48109.00 109820.00   3141.70 751535.52      0.00      0.00      0.00      0.00
13:42:13         ens3  39339.00 114420.00   2544.12 924257.13      0.00      0.00      0.00      0.00
13:42:14         ens3  35719.00 115175.00   2302.99 1114444.81      0.00      0.00      0.00      0.00
13:42:15         ens3  34851.00 118534.00   2246.75 1214781.02      0.00      0.00      0.00      0.00
13:42:16         ens3  34929.00 115089.00   2252.31 1188626.08      0.00      0.00      0.00      0.00
13:42:17         ens3  35579.00 115851.00   2293.79 1141174.61      0.00      0.00      0.00      0.00
13:42:18         ens3  39121.00 112824.00   2522.84 1228884.79      0.00      0.00      0.00      0.00
13:42:19         ens3  37981.00 111516.00   2448.23 1290841.02      0.00      0.00      0.00      0.00
13:42:20         ens3  47520.00 110956.00   3106.10 718405.01      0.00      0.00      0.00      0.00
13:42:21         ens3  44254.00 112494.00   2856.20 782167.99      0.00      0.00      0.00      0.00
13:42:22         ens3  44382.00 113426.00   2875.32 714307.71      0.00      0.00      0.00      0.00
13:42:23         ens3  43499.00 114123.00   2822.70 666069.49      0.00      0.00      0.00      0.00
13:42:24         ens3  44254.00 115743.00   2856.84 693912.27      0.00      0.00      0.00      0.00
13:42:25         ens3  43977.00 112627.00   2834.97 759630.88      0.00      0.00      0.00      0.00
13:42:26         ens3  44046.00 112836.00   2838.90 758705.14      0.00      0.00      0.00      0.00
13:42:27         ens3  44499.00 112077.00   2868.24 743429.59      0.00      0.00      0.00      0.00
13:42:28         ens3  44104.00 114234.00   2843.75 769241.34      0.00      0.00      0.00      0.00
13:42:29         ens3  43034.00 113764.00   2775.52 791888.93      0.00      0.00      0.00      0.00
13:42:30         ens3  43795.00 113768.00   2827.38 762641.25      0.00      0.00      0.00      0.00
13:42:31         ens3  45201.00 112811.00   2929.13 770461.53      0.00      0.00      0.00      0.00
13:42:32         ens3  45706.00 112439.00   2952.17 781413.64      0.00      0.00      0.00      0.00
13:42:33         ens3  46677.00 112513.00   3018.82 768314.30      0.00      0.00      0.00      0.00
13:42:34         ens3  44929.00 112811.00   2904.87 749226.56      0.00      0.00      0.00      0.00
13:42:35         ens3  43954.00 113351.00   2845.63 709239.44      0.00      0.00      0.00      0.00
13:42:36         ens3  43807.00 114325.00   2831.27 684038.48      0.00      0.00      0.00      0.00
13:42:37         ens3  44416.00 113787.00   2864.93 701613.06      0.00      0.00      0.00      0.00
13:42:38         ens3  42120.00 114607.00   2725.76 634831.52      0.00      0.00      0.00      0.00
13:42:39         ens3  42352.00 114669.00   2729.94 712555.21      0.00      0.00      0.00      0.00
13:42:40         ens3  42330.00 114218.00   2732.29 689461.02      0.00      0.00      0.00      0.00
13:42:41         ens3  40352.00 116896.00   2611.85 654596.30      0.00      0.00      0.00      0.00
13:42:42         ens3  40438.00 116395.00   2609.68 675298.46      0.00      0.00      0.00      0.00
13:42:43         ens3  40299.01 114695.05   2603.83 676708.60      0.00      0.00      0.00      0.00
13:42:44         ens3  41640.00 115583.00   2686.83 697098.95      0.00      0.00      0.00      0.00
13:42:45         ens3  41436.00 115272.00   2674.17 705753.00      0.00      0.00      0.00      0.00
13:42:46         ens3  42144.00 116427.00   2722.48 725008.34      0.00      0.00      0.00      0.00
13:42:47         ens3  41907.00 116708.00   2709.15 708683.67      0.00      0.00      0.00      0.00
13:42:48         ens3  40500.00 116856.00   2611.71 750135.17      0.00      0.00      0.00      0.00
13:42:49         ens3  41062.00 115874.00   2651.68 761489.17      0.00      0.00      0.00      0.00
13:42:50         ens3  40426.00 114702.00   2609.86 752950.68      0.00      0.00      0.00      0.00
13:42:51         ens3  40650.00 114121.00   2631.83 736132.87      0.00      0.00      0.00      0.00
13:42:52         ens3  40335.00 116061.00   2608.88 744261.71      0.00      0.00      0.00      0.00
13:42:53         ens3  40584.00 115400.00   2630.91 743418.01      0.00      0.00      0.00      0.00
13:42:54         ens3  41008.00 114812.00   2666.00 704790.06      0.00      0.00      0.00      0.00
13:42:55         ens3  40703.00 116871.00   2640.28 685398.61      0.00      0.00      0.00      0.00
13:42:56         ens3  39540.00 116156.00   2561.43 727438.85      0.00      0.00      0.00      0.00
13:42:57         ens3  40960.00 115729.00   2660.27 700323.80      0.00      0.00      0.00      0.00
13:42:58         ens3  42941.00 114156.00   2776.54 734004.92      0.00      0.00      0.00      0.00
13:42:59         ens3  43206.00 112576.00   2796.12 725239.64      0.00      0.00      0.00      0.00
13:43:00         ens3  41071.00 110721.00   2673.77 748629.86      0.00      0.00      0.00      0.00
13:43:01         ens3  35822.00 115879.00   2335.71 759863.86      0.00      0.00      0.00      0.00
13:43:02         ens3  24751.00  86753.00   1612.18 1282017.55      0.00      0.00      0.00      0.00
13:43:03         ens3  12593.00  56765.00    812.39 1902535.04      0.00      0.00      0.00      0.00
13:43:04         ens3   9882.00  56384.00    638.59 2224302.40      0.00      0.00      0.00      0.00
13:43:05         ens3  11290.00  50214.00    741.51 1770483.91      0.00      0.00      0.00      0.00
13:43:06         ens3   3959.00  14227.00    264.22 599131.25      0.00      0.00      0.00      0.00
13:43:07         ens3      5.00      7.00      0.26      4.38      0.00      0.00      0.00      0.00
13:43:08         ens3      8.00      9.00      0.56      4.57      0.00      0.00      0.00      0.00
13:43:09         ens3      8.00      7.00      0.51      4.38      0.00      0.00      0.00      0.00
13:43:10         ens3      7.00      8.00      0.46      4.52      0.00      0.00      0.00      0.00
13:43:11         ens3      6.00      5.00      0.41      0.85      0.00      0.00      0.00      0.00
13:43:12         ens3      5.00      6.00      0.26      4.28      0.00      0.00      0.00      0.00
13:43:13         ens3      7.00     10.00      0.40      4.65      0.00      0.00      0.00      0.00
13:43:14         ens3      8.00      7.00      0.50      4.38      0.00      0.00      0.00      0.00
13:43:15         ens3      8.00      9.00      0.51      4.64      0.00      0.00      0.00      0.00
13:43:16         ens3      5.00      7.00      0.26      4.38      0.00      0.00      0.00      0.00
13:43:17         ens3      5.00      7.00      0.26      4.38      0.00      0.00      0.00      0.00
13:43:18         ens3     39.00     21.00     51.22      8.59      0.00      0.00      0.00      0.00
13:43:19         ens3      8.00      8.00      0.50      4.47      0.00      0.00      0.00      0.00
13:43:20         ens3      7.00      9.00      0.45      4.62      0.00      0.00      0.00      0.00
13:43:21         ens3      4.00      5.00      0.21      0.85      0.00      0.00      0.00      0.00
13:43:22         ens3      4.00      6.00      0.21      4.28      0.00      0.00      0.00      0.00
