15:31:58         ens3      1.00      0.00      0.05      0.00      0.00      0.00      0.00      0.00
15:31:59         ens3      1.00      2.00      0.05      0.28      0.00      0.00      0.00      0.00
15:32:00         ens3      1.00      2.00      0.05      0.28      0.00      0.00      0.00      0.00
15:32:01         ens3      4.00      3.00      0.33      0.46      0.00      0.00      0.00      0.00
15:32:02         ens3      1.00      1.00      0.05      0.19      0.00      0.00      0.00      0.00
15:32:03         ens3      2.00      3.00      0.12      0.32      0.00      0.00      0.00      0.00
15:32:04         ens3      1.00      1.00      0.05      0.19      0.00      0.00      0.00      0.00
15:32:05         ens3      4.00      3.00      0.34      0.38      0.00      0.00      0.00      0.00
15:32:06         ens3      6.00      5.00      0.47      0.81      0.00      0.00      0.00      0.00
15:32:07         ens3      2.00      3.00      0.11      0.56      0.00      0.00      0.00      0.00
15:32:08         ens3      3.00      4.00      0.13      0.45      0.00      0.00      0.00      0.00
15:32:09         ens3      4.00      3.00      0.30      0.52      0.00      0.00      0.00      0.00
15:32:10         ens3      2.00      2.00      0.11      0.37      0.00      0.00      0.00      0.00
15:32:11         ens3      6.00      4.00      0.63      0.65      0.00      0.00      0.00      0.00
15:32:12         ens3      6.00      4.00      0.50      0.69      0.00      0.00      0.00      0.00
15:32:13         ens3      2.00      2.00      0.11      0.37      0.00      0.00      0.00      0.00
15:32:14         ens3      3.00      3.00      0.24      0.42      0.00      0.00      0.00      0.00
15:32:15         ens3      2.00      2.00      0.11      0.37      0.00      0.00      0.00      0.00
15:32:16         ens3      5.00      5.00      0.38      0.70      0.00      0.00      0.00      0.00
15:32:17         ens3      2.00      2.00      0.11      0.37      0.00      0.00      0.00      0.00
15:32:18         ens3      2.00      2.00      0.11      0.37      0.00      0.00      0.00      0.00
15:32:19         ens3      2.00      2.00      0.11      0.37      0.00      0.00      0.00      0.00
15:32:20         ens3      8.00      6.00      0.91      0.95      0.00      0.00      0.00      0.00
15:32:21         ens3     11.00     10.00      0.74      6.21      0.00      0.00      0.00      0.00
15:32:22         ens3      5.00      7.00      0.26      5.49      0.00      0.00      0.00      0.00
15:32:23         ens3      5.00      7.00      0.26      5.49      0.00      0.00      0.00      0.00
15:32:24         ens3      5.00      7.00      0.26      5.49      0.00      0.00      0.00      0.00
15:32:25         ens3      5.00      7.00      0.26      5.49      0.00      0.00      0.00      0.00
15:32:26         ens3      5.00      5.00      0.38      0.74      0.00      0.00      0.00      0.00
15:32:27         ens3      8.00      8.00      0.55      5.59      0.00      0.00      0.00      0.00
15:32:28         ens3      8.00     19.00      0.46      7.35      0.00      0.00      0.00      0.00
15:32:29         ens3      6.00      8.00      0.32      5.79      0.00      0.00      0.00      0.00
15:32:30         ens3      6.00      8.00      0.32      5.68      0.00      0.00      0.00      0.00
15:32:31         ens3     10.00     10.00      0.68      5.95      0.00      0.00      0.00      0.00
15:32:32         ens3      8.00      9.00      0.52      5.84      0.00      0.00      0.00      0.00
15:32:33         ens3      8.00      9.00      0.52      5.85      0.00      0.00      0.00      0.00
15:32:34         ens3      6.00      8.00      0.32      5.68      0.00      0.00      0.00      0.00
15:32:35         ens3      9.00      9.00      0.57      5.84      0.00      0.00      0.00      0.00
15:32:36         ens3      9.00     10.00      0.60      6.27      0.00      0.00      0.00      0.00
15:32:37         ens3      5.00      5.00      0.36      0.82      0.00      0.00      0.00      0.00
15:32:38         ens3      6.00      9.00      0.32      5.85      0.00      0.00      0.00      0.00
15:32:39         ens3      9.00     13.00      0.65      6.16      0.00      0.00      0.00      0.00
15:32:40         ens3      6.00      8.00      0.32      5.68      0.00      0.00      0.00      0.00
15:32:41         ens3     14.00     12.00      1.14      6.19      0.00      0.00      0.00      0.00
15:32:42         ens3      7.00      8.00      0.47      5.83      0.00      0.00      0.00      0.00
15:32:43         ens3      7.00      8.00      0.40      5.68      0.00      0.00      0.00      0.00
15:32:44         ens3     10.00     11.00      0.71      5.95      0.00      0.00      0.00      0.00
15:32:45         ens3      3.96      3.96      0.21      0.65      0.00      0.00      0.00      0.00
15:32:46         ens3      8.00      9.00      0.55      5.96      0.00      0.00      0.00      0.00
15:32:47         ens3      6.00      8.00      0.32      5.68      0.00      0.00      0.00      0.00
15:32:48         ens3      8.00      9.00      0.52      5.84      0.00      0.00      0.00      0.00
15:32:49         ens3      8.00      9.00      0.51      5.83      0.00      0.00      0.00      0.00
15:32:50         ens3     11.00      8.00      0.75      5.68      0.00      0.00      0.00      0.00
15:32:51         ens3      9.00     10.00      0.60      5.95      0.00      0.00      0.00      0.00
15:32:52         ens3      6.00      7.00      0.32      5.59      0.00      0.00      0.00      0.00
15:32:53         ens3      6.00      7.00      0.32      5.59      0.00      0.00      0.00      0.00
15:32:54         ens3      4.00      6.00      0.21      1.69      0.00      0.00      0.00      0.00
15:32:55         ens3      8.00      9.00      0.51      4.99      0.00      0.00      0.00      0.00
15:32:56         ens3     13.00     14.00      0.88      6.31      0.00      0.00      0.00      0.00
15:32:57         ens3      7.00      8.00      0.37      5.72      0.00      0.00      0.00      0.00
15:32:58         ens3      7.00      7.00      0.37      5.59      0.00      0.00      0.00      0.00
15:32:59         ens3      6.00      8.00      0.32      5.68      0.00      0.00      0.00      0.00
15:33:00         ens3      6.00      7.00      0.32      5.59      0.00      0.00      0.00      0.00
15:33:01         ens3      9.00     13.00      0.60      6.22      0.00      0.00      0.00      0.00
15:33:02         ens3      6.00      8.00      0.32      5.68      0.00      0.00      0.00      0.00
15:33:03         ens3      4.00      4.00      0.21      0.66      0.00      0.00      0.00      0.00
15:33:04         ens3      7.00      8.00      0.47      5.74      0.00      0.00      0.00      0.00
15:33:05         ens3      6.00      9.00      0.32      5.76      0.00      0.00      0.00      0.00
15:33:06         ens3     11.00     11.00      0.81      6.12      0.00      0.00      0.00      0.00
15:33:07         ens3      7.00      8.00      0.40      5.68      0.00      0.00      0.00      0.00
15:33:08         ens3   1424.00   1429.00    367.74    436.03      0.00      0.00      0.00      0.00
15:33:09         ens3      6.00      8.00      0.32      5.68      0.00      0.00      0.00      0.00
15:33:10         ens3      8.00     10.00      0.51      5.88      0.00      0.00      0.00      0.00
15:33:11         ens3     10.00     11.00      0.84      6.04      0.00      0.00      0.00      0.00
15:33:12         ens3      6.00      6.00      0.41      0.91      0.00      0.00      0.00      0.00
15:33:13         ens3    126.00    128.00     38.24     59.09      0.00      0.00      0.00      0.00
15:33:14         ens3    829.00    830.00    274.54    328.75      0.00      0.00      0.00      0.00
15:33:15         ens3    925.00    929.00    311.78    373.88      0.00      0.00      0.00      0.00
15:33:16         ens3    152.00    154.00     47.77     61.90      0.00      0.00      0.00      0.00
15:33:17         ens3      6.00      8.00      0.32      5.68      0.00      0.00      0.00      0.00
15:33:18         ens3      7.00     11.00      0.37      5.97      0.00      0.00      0.00      0.00
15:33:19         ens3   2057.00   2059.00    674.82    812.27      0.00      0.00      0.00      0.00
15:33:20         ens3      8.00      9.00      0.51      5.83      0.00      0.00      0.00      0.00
15:33:21         ens3      8.00      7.00      0.59      0.99      0.00      0.00      0.00      0.00
15:33:22         ens3   2113.00   2128.00    654.35    786.29      0.00      0.00      0.00      0.00
15:33:23         ens3    197.00    197.00     37.01     48.50      0.00      0.00      0.00      0.00
15:33:24         ens3      6.00      8.00      0.32      5.68      0.00      0.00      0.00      0.00
15:33:25         ens3      8.00     10.00      0.51      5.96      0.00      0.00      0.00      0.00
15:33:26         ens3   2960.00   2961.00    726.82    872.44      0.00      0.00      0.00      0.00
15:33:27         ens3      9.00      9.00      0.56      5.83      0.00      0.00      0.00      0.00
15:33:28         ens3      6.00      8.00      0.32      5.68      0.00      0.00      0.00      0.00
15:33:29         ens3   3797.00   3808.00    781.90    928.12      0.00      0.00      0.00      0.00
15:33:30         ens3      7.00      9.00      0.37      5.76      0.00      0.00      0.00      0.00
15:33:31         ens3      8.00      9.00      0.54      1.16      0.00      0.00      0.00      0.00
15:33:32         ens3   2190.00   1815.00    337.85    295.16      0.00      0.00      0.00      0.00
15:33:33         ens3   3477.00   3105.00    566.34    710.24      0.00      0.00      0.00      0.00
15:33:34         ens3      6.00      8.00      0.32      5.68      0.00      0.00      0.00      0.00
15:33:35         ens3      8.00      8.00      0.50      5.68      0.00      0.00      0.00      0.00
15:33:36         ens3      9.00     11.00      0.60      6.01      0.00      0.00      0.00      0.00
15:33:37         ens3      8.00      9.00      0.51      5.83      0.00      0.00      0.00      0.00
15:33:38         ens3      6.00      9.00      0.32      5.76      0.00      0.00      0.00      0.00
15:33:39         ens3      7.00     11.00      0.45      5.90      0.00      0.00      0.00      0.00
15:33:40         ens3      6.00      8.00      0.32      5.68      0.00      0.00      0.00      0.00
15:33:41         ens3      7.00      7.00      0.68      0.99      0.00      0.00      0.00      0.00
15:33:42         ens3      6.00      7.00      0.32      5.62      0.00      0.00      0.00      0.00
15:33:43         ens3      7.00      8.00      0.37      5.68      0.00      0.00      0.00      0.00
15:33:44         ens3      9.00      9.00      0.61      5.84      0.00      0.00      0.00      0.00
15:33:45         ens3      6.00      8.00      0.32      5.68      0.00      0.00      0.00      0.00
15:33:46         ens3      9.00     11.00      0.60      6.04      0.00      0.00      0.00      0.00
15:33:47         ens3      6.00      8.00      0.32      5.68      0.00      0.00      0.00      0.00
15:33:48         ens3      6.00      9.00      0.32      5.76      0.00      0.00      0.00      0.00
15:33:49         ens3      6.00      9.00      0.32      5.76      0.00      0.00      0.00      0.00
15:33:50         ens3      4.00      4.00      0.21      0.66      0.00      0.00      0.00      0.00
15:33:51         ens3      8.00      9.00      0.54      5.84      0.00      0.00      0.00      0.00
15:33:52         ens3      6.00      8.00      0.32      5.68      0.00      0.00      0.00      0.00
15:33:53         ens3      6.00      8.00      0.32      5.68      0.00      0.00      0.00      0.00
15:33:54         ens3      6.00      8.00      0.32      5.68      0.00      0.00      0.00      0.00
15:33:55         ens3      6.00      8.00      0.32      5.68      0.00      0.00      0.00      0.00
15:33:56         ens3     10.00     11.00      0.68      6.03      0.00      0.00      0.00      0.00
15:33:57         ens3      6.00      8.00      0.32      5.68      0.00      0.00      0.00      0.00
15:33:58         ens3      7.00      8.00      0.37      5.68      0.00      0.00      0.00      0.00
15:33:59         ens3      4.00      4.00      0.21      0.66      0.00      0.00      0.00      0.00
15:34:00         ens3      5.00      7.00      0.26      5.57      0.00      0.00      0.00      0.00
15:34:01         ens3      9.00     10.00      0.60      5.95      0.00      0.00      0.00      0.00
15:34:02         ens3      6.00      8.00      0.32      5.68      0.00      0.00      0.00      0.00
15:34:03         ens3      6.00      8.00      0.32      5.68      0.00      0.00      0.00      0.00
15:34:04         ens3      6.00      8.00      0.32      5.68      0.00      0.00      0.00      0.00
15:34:05         ens3      6.00      9.00      0.32      5.76      0.00      0.00      0.00      0.00
15:34:06         ens3      9.00     12.00      0.60      6.12      0.00      0.00      0.00      0.00
15:34:07         ens3      6.00      8.00      0.32      5.68      0.00      0.00      0.00      0.00
15:34:08         ens3      6.00      8.00      0.35      5.68      0.00      0.00      0.00      0.00
15:34:09         ens3      6.00      5.00      0.41      0.81      0.00      0.00      0.00      0.00
15:34:10         ens3      6.00      8.00      0.32      5.66      0.00      0.00      0.00      0.00
15:34:11         ens3     10.00     18.00      0.84      7.17      0.00      0.00      0.00      0.00
15:34:12         ens3      8.00      9.00      0.52      5.84      0.00      0.00      0.00      0.00
15:34:13         ens3      7.00      8.00      0.37      5.68      0.00      0.00      0.00      0.00
15:34:14         ens3      7.00     11.00      0.45      5.97      0.00      0.00      0.00      0.00
15:34:15         ens3      6.00      9.00      0.32      5.80      0.00      0.00      0.00      0.00
15:34:16         ens3      9.00     10.00      0.60      5.92      0.00      0.00      0.00      0.00
15:34:17         ens3      6.00      8.00      0.32      5.68      0.00      0.00      0.00      0.00
15:34:18         ens3      3.00      4.00      0.16      0.66      0.00      0.00      0.00      0.00
15:34:19         ens3      8.00      8.00      0.51      5.76      0.00      0.00      0.00      0.00
15:34:20         ens3      8.00      8.00      0.51      5.74      0.00      0.00      0.00      0.00
15:34:21         ens3     10.00     10.00      0.69      5.95      0.00      0.00      0.00      0.00
15:34:22         ens3      6.00      8.00      0.32      5.68      0.00      0.00      0.00      0.00
15:34:23         ens3      6.00      7.00      0.32      5.59      0.00      0.00      0.00      0.00
15:34:24         ens3      5.94      8.91      0.31      5.78      0.00      0.00      0.00      0.00
15:34:25         ens3      6.00      8.00      0.32      5.72      0.00      0.00      0.00      0.00
15:34:26         ens3      9.00      9.00      0.60      5.86      0.00      0.00      0.00      0.00
15:34:27         ens3      5.00      8.00      0.26      5.68      0.00      0.00      0.00      0.00
15:34:28         ens3      4.00      4.00      0.21      0.66      0.00      0.00      0.00      0.00
15:34:29         ens3      9.00      7.00      0.57      5.69      0.00      0.00      0.00      0.00
15:34:30         ens3      8.00      9.00      0.51      5.83      0.00      0.00      0.00      0.00
15:34:31         ens3      9.00     10.00      0.60      5.95      0.00      0.00      0.00      0.00
15:34:32         ens3      6.00      8.00      0.32      5.68      0.00      0.00      0.00      0.00
15:34:33         ens3    371.00    733.00     23.94     52.51      0.00      0.00      0.00      0.00
15:34:34         ens3      6.00      8.00      0.32      5.68      0.00      0.00      0.00      0.00
15:34:35         ens3      9.00     10.00      0.65      5.91      0.00      0.00      0.00      0.00
15:34:36         ens3      9.00     10.00      0.60      5.95      0.00      0.00      0.00      0.00
15:34:37         ens3      4.00      4.00      0.21      0.66      0.00      0.00      0.00      0.00
15:34:38         ens3      6.00      7.00      0.32      5.57      0.00      0.00      0.00      0.00
15:34:39         ens3      8.00     11.00      0.45      5.98      0.00      0.00      0.00      0.00
15:34:40         ens3     21.00     28.00      6.82     10.30      0.00      0.00      0.00      0.00
15:34:41         ens3     13.00     13.00      1.09      6.34      0.00      0.00      0.00      0.00
15:34:42         ens3      6.00      8.00      0.32      5.68      0.00      0.00      0.00      0.00
15:34:43         ens3      9.00     21.00      0.56      7.53      0.00      0.00      0.00      0.00
15:34:44         ens3     11.00      9.00      0.82      5.88      0.00      0.00      0.00      0.00
15:34:45         ens3     11.00      7.00      0.77      5.59      0.00      0.00      0.00      0.00
15:34:46         ens3      8.00      9.00      0.42      5.87      0.00      0.00      0.00      0.00
15:34:47         ens3      4.00      7.00      0.21      4.92      0.00      0.00      0.00      0.00
15:34:48         ens3      6.00      4.00      0.32      1.30      0.00      0.00      0.00      0.00
15:34:49         ens3      6.00      8.00      0.32      5.68      0.00      0.00      0.00      0.00
15:34:50         ens3      6.00      8.00      0.32      5.68      0.00      0.00      0.00      0.00
15:34:51         ens3     11.00     11.00      0.79      6.10      0.00      0.00      0.00      0.00
15:34:52         ens3      6.00      8.00      0.32      5.68      0.00      0.00      0.00      0.00
15:34:53         ens3      9.00     18.00      0.56      6.92      0.00      0.00      0.00      0.00
15:34:54         ens3      6.00      8.00      0.32      5.68      0.00      0.00      0.00      0.00
15:34:55         ens3      6.00      9.00      0.32      5.76      0.00      0.00      0.00      0.00
15:34:56         ens3      9.00     12.00      0.60      6.14      0.00      0.00      0.00      0.00
15:34:57         ens3      4.00      4.00      0.21      0.66      0.00      0.00      0.00      0.00
15:34:58         ens3      6.00      9.00      0.35      5.88      0.00      0.00      0.00      0.00
15:34:59         ens3      6.00      8.00      0.32      5.68      0.00      0.00      0.00      0.00
15:35:00         ens3      5.00      8.00      0.26      5.68      0.00      0.00      0.00      0.00
15:35:01         ens3      9.00     10.00      0.60      5.95      0.00      0.00      0.00      0.00
15:35:02         ens3     16.00     10.00      1.35      5.99      0.00      0.00      0.00      0.00
15:35:03         ens3      6.00      8.00      0.32      5.68      0.00      0.00      0.00      0.00
15:35:04         ens3      8.00      8.00      0.59      5.64      0.00      0.00      0.00      0.00
15:35:05         ens3      7.00      8.00      0.46      5.68      0.00      0.00      0.00      0.00
15:35:06         ens3      9.00     11.00      0.60      6.01      0.00      0.00      0.00      0.00
15:35:07         ens3      3.00      4.00      0.16      0.66      0.00      0.00      0.00      0.00
15:35:08         ens3     26.00      8.00      3.91      5.66      0.00      0.00      0.00      0.00
15:35:09         ens3     21.00      8.00      2.86      5.68      0.00      0.00      0.00      0.00
15:35:10         ens3     16.00      9.00      1.85      5.84      0.00      0.00      0.00      0.00
15:35:11         ens3     14.00     10.00      1.61      5.95      0.00      0.00      0.00      0.00
15:35:12         ens3     11.00     10.00      0.77      5.91      0.00      0.00      0.00      0.00
15:35:13         ens3      8.00      8.00      0.42      5.68      0.00      0.00      0.00      0.00
15:35:14         ens3     19.00      9.00      2.29      5.76      0.00      0.00      0.00      0.00
15:35:15         ens3     19.00      9.00      2.60      5.73      0.00      0.00      0.00      0.00
15:35:16         ens3     10.00      9.00      0.84      1.16      0.00      0.00      0.00      0.00
15:35:17         ens3     10.00      9.00      0.81      5.92      0.00      0.00      0.00      0.00
15:35:18         ens3      6.00      9.00      0.32      5.76      0.00      0.00      0.00      0.00
15:35:19         ens3     25.00      9.00      3.08      5.83      0.00      0.00      0.00      0.00
15:35:20         ens3     16.00      9.00      1.64      5.80      0.00      0.00      0.00      0.00
15:35:21         ens3     13.00     11.00      1.12      6.12      0.00      0.00      0.00      0.00
15:35:22         ens3      8.00     10.00      0.46      5.85      0.00      0.00      0.00      0.00
15:35:23         ens3     10.00      9.00      0.71      5.83      0.00      0.00      0.00      0.00
15:35:24         ens3     11.00     10.00      0.86      5.91      0.00      0.00      0.00      0.00
15:35:25         ens3     22.00      8.00      2.45      5.68      0.00      0.00      0.00      0.00
15:35:26         ens3      9.00      6.00      0.70      0.93      0.00      0.00      0.00      0.00
15:35:27         ens3      6.00      8.00      0.32      5.66      0.00      0.00      0.00      0.00
