Linux 5.15.0-171-generic (test1orca) 	03/24/26 	_x86_64_	(4 CPU)

15:32:06     CPU    %usr   %nice    %sys %iowait    %irq   %soft  %steal  %guest  %gnice   %idle
15:32:07     all    0.50    0.00    1.24    0.00    0.00    0.00    0.00    0.00    0.00   98.26
15:32:08     all    0.00    0.00    0.25    0.00    0.00    0.25    0.00    0.00    0.00   99.50
15:32:09     all    0.00    0.00    0.25    0.00    0.00    0.00    0.00    0.00    0.00   99.75
15:32:10     all    0.00    0.00    0.75    0.00    0.00    0.00    0.00    0.00    0.00   99.25
15:32:11     all    0.00    0.00    0.50    0.25    0.00    0.00    0.00    0.00    0.00   99.25
15:32:12     all    0.50    0.00    0.75    0.00    0.00    0.00    0.00    0.00    0.00   98.75
15:32:13     all    0.25    0.00    0.00    0.00    0.00    0.00    0.00    0.00    0.00   99.75
15:32:14     all    0.00    0.00    0.25    0.00    0.00    0.00    0.00    0.00    0.00   99.75
15:32:15     all    0.00    0.00    0.00    0.00    0.00    0.00    0.00    0.00    0.00  100.00
15:32:16     all    0.25    0.00    0.50    0.00    0.00    0.00    0.00    0.00    0.00   99.25
15:32:17     all    0.00    0.00    0.25    0.00    0.00    0.00    0.00    0.00    0.00   99.75
15:32:18     all    0.00    0.00    0.25    0.00    0.00    0.00    0.00    0.00    0.00   99.75
15:32:19     all    0.25    0.00    0.50    0.00    0.00    0.00    0.00    0.00    0.00   99.25
15:32:20     all    0.00    0.00    0.25    0.00    0.00    0.00    0.00    0.00    0.00   99.75
15:32:21     all    2.26    0.00    1.76    0.00    0.00    0.25    0.00    0.00    0.00   95.73
15:32:22     all    2.51    0.00    2.01    0.00    0.00    0.00    0.00    0.00    0.00   95.48
15:32:23     all    1.52    0.00    2.28    0.00    0.00    0.00    0.00    0.00    0.00   96.20
15:32:24     all    1.76    0.00    2.77    0.00    0.00    0.00    0.00    0.00    0.00   95.47
15:32:25     all    2.26    0.00    2.01    0.00    0.00    0.00    0.00    0.00    0.00   95.73
15:32:26     all    0.25    0.00    0.75    0.25    0.00    0.00    0.00    0.00    0.00   98.74
15:32:27     all    1.26    0.00    1.01    0.00    0.00    0.00    0.00    0.00    0.00   97.73
15:32:28     all    2.02    0.00    2.27    0.00    0.00    0.00    0.00    0.00    0.00   95.72
15:32:29     all    2.25    0.00    2.25    0.00    0.00    0.00    0.00    0.00    0.00   95.50
15:32:30     all    2.26    0.00    2.26    0.00    0.00    0.00    0.00    0.00    0.00   95.48
15:32:31     all    2.28    0.00    1.52    0.00    0.00    0.00    0.00    0.00    0.00   96.20
15:32:32     all    2.98    0.00    2.48    0.00    0.00    0.25    0.00    0.00    0.00   94.29
15:32:33     all    1.53    0.00    1.78    0.00    0.00    0.00    0.00    0.00    0.00   96.69
15:32:34     all    1.51    0.00    2.26    0.00    0.00    0.25    0.00    0.00    0.00   95.98
15:32:35     all    1.75    0.00    3.00    0.00    0.00    0.00    0.00    0.00    0.00   95.25
15:32:36     all    1.26    0.00    0.75    0.00    0.00    0.00    0.00    0.00    0.00   97.99
15:32:37     all    0.75    0.00    0.75    0.00    0.00    0.00    0.00    0.00    0.00   98.49
15:32:38     all    2.28    0.00    2.53    0.00    0.00    0.00    0.00    0.00    0.00   95.19
15:32:39     all    2.76    0.00    2.51    0.00    0.00    0.00    0.00    0.00    0.00   94.74
15:32:40     all    2.01    0.00    3.27    0.00    0.00    0.00    0.00    0.00    0.00   94.72
15:32:41     all    2.50    0.00    2.50    0.25    0.00    0.50    0.00    0.00    0.00   94.25
15:32:42     all    2.53    0.00    2.28    0.00    0.00    0.00    0.00    0.00    0.00   95.19
15:32:43     all    2.77    0.00    2.52    0.00    0.00    0.00    0.00    0.00    0.00   94.71
15:32:44     all    2.27    0.00    2.53    0.00    0.00    0.00    0.00    0.00    0.00   95.20
15:32:45     all    0.76    0.00    1.27    0.00    0.00    0.00    0.00    0.00    0.00   97.97
15:32:46     all    1.01    0.00    1.52    0.00    0.00    0.00    0.00    0.00    0.00   97.47
15:32:47     all    2.02    0.00    2.52    0.00    0.00    0.00    0.00    0.00    0.00   95.47
15:32:48     all    2.53    0.00    3.04    0.00    0.00    0.00    0.00    0.00    0.00   94.43
15:32:49     all    2.99    0.00    2.24    0.00    0.00    0.00    0.00    0.00    0.00   94.76
15:32:50     all    2.78    0.00    1.77    0.00    0.00    0.00    0.00    0.00    0.00   95.45
15:32:51     all    1.52    0.00    2.53    0.51    0.00    0.00    0.00    0.00    0.00   95.44
15:32:52     all    2.01    0.00    2.01    0.00    0.00    0.25    0.00    0.00    0.00   95.73
15:32:53     all    2.01    0.00    3.01    0.00    0.00    0.00    0.00    0.00    0.00   94.99
15:32:54     all    1.01    0.00    2.01    0.00    0.00    0.00    0.00    0.00    0.00   96.98
15:32:55     all    1.50    0.00    1.25    0.00    0.00    0.00    0.00    0.00    0.00   97.24
15:32:56     all    2.02    0.00    2.27    0.00    0.00    0.25    0.00    0.00    0.00   95.47
15:32:57     all    2.51    0.00    2.51    0.00    0.00    0.00    0.00    0.00    0.00   94.97
15:32:58     all    2.51    0.00    2.01    0.00    0.00    0.00    0.00    0.00    0.00   95.48
15:32:59     all    2.02    0.00    2.27    0.00    0.00    0.25    0.00    0.00    0.00   95.45
15:33:00     all    2.27    0.00    2.77    0.00    0.00    0.00    0.00    0.00    0.00   94.96
15:33:01     all    2.53    0.00    2.78    0.00    0.00    0.00    0.00    0.00    0.00   94.70
15:33:02     all    1.77    0.00    2.53    0.00    0.00    0.00    0.00    0.00    0.00   95.71
15:33:03     all    1.01    0.00    1.76    0.00    0.00    0.00    0.00    0.00    0.00   97.23
15:33:04     all    1.75    0.00    1.25    0.00    0.00    0.25    0.00    0.00    0.00   96.74
15:33:05     all    2.03    0.00    2.53    0.00    0.00    0.00    0.00    0.00    0.00   95.44
15:33:06     all    3.01    0.00    2.26    0.25    0.00    0.00    0.00    0.00    0.00   94.49
15:33:07     all    2.02    0.00    2.53    0.00    0.00    0.00    0.00    0.00    0.00   95.45
15:33:08     all    6.68    0.00    5.40    0.00    0.00    1.29    0.00    0.00    0.00   86.63
15:33:09     all    2.03    0.00    2.28    0.00    0.00    0.00    0.00    0.00    0.00   95.70
15:33:10     all    2.27    0.00    2.77    0.00    0.00    0.00    0.00    0.00    0.00   94.96
15:33:11     all    2.02    0.00    2.52    0.00    0.00    0.00    0.00    0.00    0.00   95.47
15:33:12     all    0.50    0.00    1.75    0.00    0.00    0.00    0.00    0.00    0.00   97.74
15:33:13     all    2.01    0.00    3.01    0.00    0.00    0.25    0.00    0.00    0.00   94.74
15:33:14     all    4.18    0.00    5.22    0.00    0.00    0.78    0.00    0.00    0.00   89.82
15:33:15     all    5.34    0.00    4.83    0.00    0.00    1.02    0.00    0.00    0.00   88.80
15:33:16     all    2.53    0.00    2.78    0.25    0.00    0.00    0.00    0.00    0.00   94.44
15:33:17     all    1.75    0.00    3.26    0.00    0.00    0.00    0.00    0.00    0.00   94.99
15:33:18     all    2.03    0.00    2.28    0.00    0.00    0.00    0.00    0.00    0.00   95.70
15:33:19     all   11.31    0.00    8.04    0.00    0.00    4.02    0.00    0.00    0.00   76.63
15:33:20     all    2.51    0.00    2.51    0.00    0.00    0.25    0.00    0.00    0.00   94.72
15:33:21     all    0.50    0.00    1.01    0.00    0.00    0.00    0.00    0.00    0.00   98.49
15:33:22     all    6.15    0.00    7.44    0.00    0.00    1.79    0.00    0.00    0.00   84.62
15:33:23     all    2.52    0.00    2.77    0.00    0.00    0.76    0.00    0.00    0.00   93.95
15:33:24     all    2.02    0.00    2.27    0.00    0.00    0.00    0.00    0.00    0.00   95.71
15:33:25     all    2.53    0.00    2.02    0.00    0.00    0.00    0.00    0.00    0.00   95.45
15:33:26     all    8.38    0.00    6.09    0.00    0.00    5.33    0.00    0.00    0.00   80.20
15:33:27     all    2.02    0.00    2.52    0.00    0.00    0.00    0.00    0.00    0.00   95.47
15:33:28     all    1.50    0.00    3.51    0.00    0.00    0.00    0.00    0.00    0.00   94.99
15:33:29     all    8.77    0.00    8.27    0.00    0.00    4.01    0.00    0.00    0.00   78.95
15:33:30     all    2.26    0.00    2.76    0.00    0.00    0.00    0.00    0.00    0.00   94.97
15:33:31     all    1.01    0.00    0.76    0.25    0.00    0.00    0.00    0.00    0.00   97.98
15:33:32     all    2.56    0.00    2.56    0.00    0.00    0.51    0.26    0.00    0.00   94.12
15:33:33     all    7.98    0.00    7.73    0.00    0.00    5.24    0.00    0.00    0.00   79.05
15:33:34     all    2.04    0.00    2.29    0.00    0.00    0.25    0.00    0.00    0.00   95.42
15:33:35     all    2.03    0.00    2.53    0.00    0.00    0.00    0.00    0.00    0.00   95.44
15:33:36     all    2.77    0.00    2.02    0.00    0.00    0.25    0.00    0.00    0.00   94.96
15:33:37     all    2.02    0.00    2.27    0.00    0.00    0.00    0.00    0.00    0.00   95.71
15:33:38     all    1.79    0.00    1.53    0.00    0.00    0.00    0.00    0.00    0.00   96.68
15:33:39     all    1.75    0.00    2.51    0.00    0.00    0.00    0.00    0.00    0.00   95.74
15:33:40     all    1.76    0.00    2.27    0.00    0.00    0.00    0.00    0.00    0.00   95.97
15:33:41     all    0.25    0.00    1.26    0.00    0.00    0.00    0.00    0.00    0.00   98.49
15:33:42     all    2.04    0.00    1.53    0.00    0.00    0.00    0.00    0.00    0.00   96.44
15:33:43     all    2.27    0.00    2.53    0.00    0.00    0.00    0.00    0.00    0.00   95.20
15:33:44     all    2.03    0.00    2.03    0.00    0.00    0.00    0.00    0.00    0.00   95.94
15:33:45     all    2.27    0.00    2.27    0.00    0.00    0.00    0.25    0.00    0.00   95.21
15:33:46     all    1.76    0.00    2.76    0.25    0.00    0.00    0.00    0.00    0.00   95.23
15:33:47     all    1.53    0.00    2.04    0.00    0.00    0.00    0.00    0.00    0.00   96.43
15:33:48     all    2.24    0.00    2.99    0.00    0.00    0.00    0.00    0.00    0.00   94.76
15:33:49     all    2.52    0.00    2.02    0.00    0.00    0.00    0.00    0.00    0.00   95.47
15:33:50     all    0.76    0.00    0.50    0.00    0.00    0.00    0.00    0.00    0.00   98.74
15:33:51     all    1.52    0.00    1.27    0.00    0.00    0.00    0.00    0.00    0.00   97.21
15:33:52     all    2.78    0.00    1.77    0.00    0.00    0.00    0.00    0.00    0.00   95.44
15:33:53     all    2.28    0.00    2.28    0.00    0.00    0.00    0.00    0.00    0.00   95.43
15:33:54     all    1.52    0.00    2.03    0.00    0.00    0.00    0.00    0.00    0.00   96.46
15:33:55     all    1.77    0.00    1.77    0.00    0.00    0.25    0.00    0.00    0.00   96.20
15:33:56     all    2.01    0.00    2.51    0.00    0.00    0.25    0.00    0.00    0.00   95.23
15:33:57     all    2.51    0.00    2.01    0.00    0.00    0.00    0.00    0.00    0.00   95.49
15:33:58     all    1.78    0.00    2.29    0.00    0.00    0.00    0.00    0.00    0.00   95.93
15:33:59     all    1.51    0.00    1.51    0.00    0.00    0.00    0.00    0.00    0.00   96.98
15:34:00     all    0.50    0.00    1.51    0.00    0.00    0.00    0.00    0.00    0.00   97.98
15:34:01     all    2.51    0.00    2.26    0.00    0.00    0.25    0.00    0.00    0.00   94.99
15:34:02     all    2.26    0.00    2.26    0.00    0.00    0.00    0.00    0.00    0.00   95.49
15:34:03     all    2.27    0.00    1.77    0.00    0.00    0.25    0.00    0.00    0.00   95.71
15:34:04     all    2.27    0.00    2.27    0.00    0.00    0.00    0.00    0.00    0.00   95.45
15:34:05     all    2.28    0.00    2.53    0.00    0.00    0.00    0.00    0.00    0.00   95.19
15:34:06     all    1.76    0.00    1.76    0.50    0.00    0.00    0.00    0.00    0.00   95.98
15:34:07     all    1.51    0.00    3.27    0.00    0.00    0.00    0.00    0.00    0.00   95.23
15:34:08     all    1.78    0.00    1.78    0.00    0.00    0.00    0.00    0.00    0.00   96.45
15:34:09     all    0.25    0.00    0.50    0.00    0.00    0.00    0.00    0.00    0.00   99.25
15:34:10     all    2.28    0.00    2.03    0.00    0.00    0.00    0.00    0.00    0.00   95.69
15:34:11     all    2.51    0.00    2.26    0.00    0.00    0.25    0.00    0.00    0.00   94.97
15:34:12     all    2.28    0.00    2.78    0.00    0.00    0.00    0.00    0.00    0.00   94.94
15:34:13     all    2.26    0.00    2.76    0.00    0.00    0.00    0.00    0.00    0.00   94.97
15:34:14     all    1.77    0.00    2.53    0.00    0.00    0.00    0.00    0.00    0.00   95.70
15:34:15     all    2.26    0.00    1.51    0.00    0.00    0.25    0.00    0.00    0.00   95.98
15:34:16     all    2.01    0.00    3.02    0.00    0.00    0.00    0.00    0.00    0.00   94.97
15:34:17     all    2.03    0.00    2.03    0.00    0.00    0.00    0.00    0.00    0.00   95.95
15:34:18     all    0.00    0.00    0.25    0.00    0.00    0.00    0.00    0.00    0.00   99.75
15:34:19     all    2.27    0.00    2.02    0.00    0.00    0.00    0.00    0.00    0.00   95.71
15:34:20     all    2.00    0.00    2.99    0.00    0.00    0.00    0.00    0.00    0.00   95.01
15:34:21     all    1.77    0.00    2.28    0.00    0.00    0.00    0.00    0.00    0.00   95.95
15:34:22     all    2.01    0.00    2.51    0.25    0.00    0.25    0.00    0.00    0.00   94.99
15:34:23     all    1.77    0.00    2.27    0.00    0.00    0.00    0.00    0.00    0.00   95.96
15:34:24     all    1.01    0.00    3.02    0.00    0.00    0.00    0.00    0.00    0.00   95.97
15:34:25     all    2.01    0.00    2.01    0.00    0.00    0.00    0.00    0.00    0.00   95.99
15:34:26     all    2.27    0.00    2.02    0.00    0.00    0.00    0.00    0.00    0.00   95.72
15:34:27     all    1.52    0.00    1.77    0.00    0.00    0.00    0.00    0.00    0.00   96.72
15:34:28     all    0.25    0.00    0.25    0.00    0.00    0.00    0.00    0.00    0.00   99.49
15:34:29     all    2.74    0.00    2.74    0.00    0.00    0.00    0.00    0.00    0.00   94.51
15:34:30     all    1.77    0.00    2.27    0.00    0.00    0.25    0.00    0.00    0.00   95.71
15:34:31     all    1.78    0.00    1.27    0.00    0.00    0.00    0.00    0.00    0.00   96.95
15:34:32     all    2.27    0.00    2.27    0.00    0.00    0.00    0.00    0.00    0.00   95.47
15:34:33     all    2.31    0.00    2.05    0.00    0.00    1.03    0.00    0.00    0.00   94.62
15:34:34     all    1.76    0.00    2.52    0.00    0.00    0.00    0.00    0.00    0.00   95.72
15:34:35     all    1.79    0.00    1.53    0.00    0.00    0.00    0.00    0.00    0.00   96.68
15:34:36     all    2.78    0.00    1.52    0.00    0.00    0.00    0.00    0.00    0.00   95.71
15:34:37     all    0.75    0.00    1.26    0.00    0.00    0.00    0.00    0.00    0.00   97.99
15:34:38     all    1.77    0.00    1.01    0.00    0.00    0.00    0.00    0.00    0.00   97.22
15:34:39     all    1.25    0.00    2.75    0.00    0.00    0.25    0.00    0.00    0.00   95.75
15:34:40     all    3.30    0.00    2.03    0.00    0.00    0.00    0.00    0.00    0.00   94.67
15:34:41     all    1.76    0.00    2.26    0.00    0.00    0.25    0.00    0.00    0.00   95.73
15:34:42     all    1.26    0.00    2.76    0.25    0.00    0.00    0.00    0.00    0.00   95.73
15:34:43     all    2.02    0.00    1.51    0.00    0.00    0.25    0.00    0.00    0.00   96.22
15:34:44     all    2.27    0.00    2.02    0.00    0.00    0.00    0.00    0.00    0.00   95.72
15:34:45     all    1.02    0.00    1.78    0.00    0.00    0.25    0.00    0.00    0.00   96.95
15:34:46     all    2.02    0.00    2.27    0.00    0.00    0.00    0.00    0.00    0.00   95.72
15:34:47     all    1.27    0.00    1.27    0.00    0.00    0.00    0.00    0.00    0.00   97.46
15:34:48     all    1.26    0.00    1.01    0.00    0.00    0.00    0.00    0.00    0.00   97.74
15:34:49     all    1.76    0.00    2.76    0.00    0.00    0.25    0.00    0.00    0.00   95.23
15:34:50     all    2.27    0.00    2.27    0.00    0.00    0.00    0.00    0.00    0.00   95.45
15:34:51     all    2.51    0.00    2.01    0.00    0.00    0.00    0.00    0.00    0.00   95.48
15:34:52     all    1.76    0.00    2.51    0.00    0.00    0.00    0.00    0.00    0.00   95.73
15:34:53     all    1.77    0.00    1.77    0.00    0.00    0.00    0.00    0.00    0.00   96.46
15:34:54     all    1.51    0.00    3.02    0.00    0.00    0.25    0.00    0.00    0.00   95.23
15:34:55     all    2.52    0.00    2.02    0.00    0.00    0.00    0.00    0.00    0.00   95.47
15:34:56     all    2.27    0.00    1.77    0.00    0.00    0.00    0.00    0.00    0.00   95.96
15:34:57     all    0.00    0.00    1.00    0.00    0.00    0.00    0.00    0.00    0.00   99.00
15:34:58     all    2.01    0.00    1.76    0.25    0.00    0.00    0.00    0.00    0.00   95.98
15:34:59     all    1.78    0.00    1.78    0.00    0.00    0.00    0.00    0.00    0.00   96.45
15:35:00     all    2.27    0.00    2.27    0.00    0.00    0.00    0.00    0.00    0.00   95.47
15:35:01     all    2.03    0.00    1.77    0.00    0.00    0.25    0.00    0.00    0.00   95.95
15:35:02     all    1.50    0.00    3.01    0.00    0.00    0.25    0.00    0.00    0.00   95.24
15:35:03     all    1.76    0.00    2.02    0.00    0.00    0.50    0.00    0.00    0.00   95.72
15:35:04     all    2.03    0.00    1.78    0.00    0.00    0.00    0.00    0.00    0.00   96.19
15:35:05     all    2.27    0.00    2.02    0.00    0.00    0.00    0.00    0.00    0.00   95.72
15:35:06     all    1.52    0.00    1.52    0.00    0.00    0.25    0.00    0.00    0.00   96.70
15:35:07     all    0.25    0.00    1.24    0.00    0.00    0.00    0.00    0.00    0.00   98.51
15:35:08     all    1.78    0.00    2.28    0.00    0.00    0.25    0.00    0.00    0.00   95.69
15:35:09     all    2.03    0.00    2.03    0.00    0.00    0.00    0.00    0.00    0.00   95.95
15:35:10     all    1.75    0.00    3.01    0.00    0.00    0.00    0.00    0.00    0.00   95.24
15:35:11     all    1.51    0.00    2.77    0.00    0.00    0.00    0.00    0.00    0.00   95.72
15:35:12     all    2.51    0.00    1.76    0.00    0.00    0.00    0.00    0.00    0.00   95.73
15:35:13     all    2.02    0.00    2.52    0.00    0.00    0.00    0.00    0.00    0.00   95.47
15:35:14     all    2.51    0.00    2.01    0.00    0.00    0.25    0.00    0.00    0.00   95.23
15:35:15     all    2.53    0.00    2.02    0.00    0.00    0.00    0.00    0.00    0.00   95.45
15:35:16     all    0.76    0.00    1.26    0.00    0.00    0.00    0.00    0.00    0.00   97.98
15:35:17     all    1.51    0.00    1.01    0.00    0.00    0.00    0.00    0.00    0.00   97.48
15:35:18     all    2.25    0.00    2.25    0.25    0.00    0.25    0.00    0.00    0.00   95.00
15:35:19     all    1.76    0.00    2.02    0.00    0.00    0.00    0.00    0.00    0.00   96.22
15:35:20     all    2.51    0.00    2.51    0.00    0.00    0.00    0.00    0.00    0.00   94.99
15:35:21     all    1.77    0.00    2.53    0.00    0.00    0.00    0.00    0.00    0.00   95.71
15:35:22     all    2.76    0.00    2.51    0.00    0.00    0.00    0.00    0.00    0.00   94.72
15:35:23     all    1.76    0.00    3.27    0.00    0.00    0.00    0.00    0.00    0.00   94.97
15:35:24     all    2.27    0.00    2.53    0.00    0.00    0.00    0.00    0.00    0.00   95.20
15:35:25     all    2.49    0.00    2.00    0.00    0.00    0.00    0.00    0.00    0.00   95.51
15:35:26     all    1.01    0.00    0.51    0.00    0.00    0.00    0.00    0.00    0.00   98.48
15:35:27     all    1.76    0.00    1.76    0.00    0.00    0.00    0.00    0.00    0.00   96.48
15:35:28     all    2.03    0.00    1.78    0.00    0.00    0.00    0.00    0.00    0.00   96.19
15:35:29     all    2.52    0.00    2.52    0.00    0.00    0.00    0.00    0.00    0.00   94.96
15:35:30     all    2.52    0.00    2.27    0.00    0.00    0.00    0.00    0.00    0.00   95.21
15:35:31     all    1.77    0.00    1.77    0.00    0.00    0.00    0.00    0.00    0.00   96.46
15:35:32     all    2.02    0.00    2.27    0.00    0.00    0.00    0.00    0.00    0.00   95.72
15:35:33     all    2.51    0.00    2.76    0.50    0.00    0.25    0.00    0.00    0.00   93.98
15:35:34     all    1.28    0.00    2.04    0.00    0.00    0.00    0.00    0.00    0.00   96.68
15:35:35     all    1.76    0.00    1.26    0.00    0.00    0.00    0.00    0.00    0.00   96.98
15:35:36     all    1.01    0.00    1.01    0.00    0.00    0.00    0.00    0.00    0.00   97.98
15:35:37     all    2.52    0.00    1.51    0.00    0.00    0.25    0.00    0.00    0.00   95.72
15:35:38     all    1.77    0.00    2.02    0.00    0.00    0.00    0.00    0.00    0.00   96.21
15:35:39     all    2.24    0.00    2.74    0.00    0.00    0.00    0.00    0.00    0.00   95.01
15:35:40     all    2.52    0.00    2.27    0.00    0.00    0.00    0.00    0.00    0.00   95.21
15:35:41     all    2.03    0.00    1.78    0.00    0.00    0.00    0.00    0.00    0.00   96.19
15:35:42     all    2.51    0.00    2.26    0.00    0.00    0.00    0.00    0.00    0.00   95.24
15:35:43     all    2.04    0.00    1.78    0.00    0.00    0.00    0.00    0.00    0.00   96.18
15:35:44     all    1.52    0.00    1.77    0.00    0.00    0.00    0.00    0.00    0.00   96.72
15:35:45     all    1.25    0.00    1.75    0.00    0.00    0.00    0.00    0.00    0.00   97.00
15:35:46     all    1.75    0.00    1.50    0.00    0.00    0.00    0.00    0.00    0.00   96.75
15:35:47     all    2.27    0.00    1.76    0.00    0.00    0.00    0.00    0.00    0.00   95.97
15:35:48     all    0.00    0.00    0.50    0.25    0.00    0.00    0.00    0.00    0.00   99.25
15:35:49     all    0.25    0.00    0.50    0.00    0.00    0.00    0.00    0.00    0.00   99.24
